 arcsas

 Timestamp is 57c4da5e (Tue Aug 30 06:29:10 2016)

 Preferred load address is 0000000140000000

 Start         Length     Name                   Class
 0001:00000000 0001cf15H .text                   CODE
 0001:0001cf40 00000379H .text$21                CODE
 0001:0001d2c0 0000934aH .text$s                 CODE
 0002:00000000 000000c0H .idata$5                DATA
 0002:000000c0 00000460H .rdata                  DATA
 0002:00000520 00000048H .rdata$debug            DATA
 0002:00000568 000016f8H .xdata                  DATA
 0003:00000000 00000aa0H .data                   DATA
 0003:00000aa0 000002e8H .bss                    DATA
 0004:00000000 00000dc8H .pdata                  DATA
 0005:00000000 00000035H INIT                    CODE
 0005:00000038 0000003cH .idata$2                CODE
 0005:00000074 00000014H .idata$3                CODE
 0005:00000088 000000c0H .idata$4                CODE
 0005:00000148 00000228H .idata$6                CODE
 0006:00000000 000000c8H .rsrc$01                DATA
 0006:000000d0 00001118H .rsrc$02                DATA

  Address         Publics by Value              Rva+Base               Lib:Object

 0000:00000000       ___safe_se_handler_count   0000000000000000     <absolute>
 0000:00000000       ___safe_se_handler_table   0000000000000000     <absolute>
 0000:00000000       __ImageBase                0000000140000000     <linker-defined>
 0001:00000010       GetOutstandingIoCnt        0000000140001010 f   rxdevice.obj
 0001:00000030       NonMSIXInterruptHandler    0000000140001030 f   rxdevice.obj
 0001:00000420       PMCDpcResponseHandler      0000000140001420 f   rxdevice.obj
 0001:000009c0       PMCInterruptHandler        00000001400019c0 f   rxdevice.obj
 0001:00000e40       PMCPushMessageUnitQueueFib 0000000140001e40 f   rxdevice.obj
 0001:00001160       RxAccessDeviceRegister     0000000140002160 f   rxdevice.obj
 0001:00001300       RxCheckAdapterHealth       0000000140002300 f   rxdevice.obj
 0001:00001380       RxCheckSyncCommandComplete 0000000140002380 f   rxdevice.obj
 0001:000014d0       RxDpcInterruptHandler      00000001400024d0 f   rxdevice.obj
 0001:000014e0       RxGetIBW                   00000001400024e0 f   rxdevice.obj
 0001:00001500       RxGetOMRx0                 0000000140002500 f   rxdevice.obj
 0001:00001530       RxInterruptHandler         0000000140002530 f   rxdevice.obj
 0001:000017e0       RxMapMailBoxFirmwareBase   00000001400027e0 f   rxdevice.obj
 0001:000018c0       RxNewCommProcessInterrupt  00000001400028c0 f   rxdevice.obj
 0001:00001c90       RxNotifyAdapter            0000000140002c90 f   rxdevice.obj
 0001:00001d10       RxPullMessageUnitQueueCompletedFib 0000000140002d10 f   rxdevice.obj
 0001:00001eb0       RxPushMessageUnitQueueFib  0000000140002eb0 f   rxdevice.obj
 0001:00001fa0       RxSendSynchCommand         0000000140002fa0 f   rxdevice.obj
 0001:00002af0       RxStartAdapter             0000000140003af0 f   rxdevice.obj
 0001:00003090       RxWaitForAdapterToBoot     0000000140004090 f   rxdevice.obj
 0001:00003190       RxWriteIBW                 0000000140004190 f   rxdevice.obj
 0001:000031d0       RxWriteIDR                 00000001400041d0 f   rxdevice.obj
 0001:00003210       RxWriteODR                 0000000140004210 f   rxdevice.obj
 0001:00003260       SetWaitCount4SendSyncCmd   0000000140004260 f   rxdevice.obj
 0001:00003340       SetWaitCount4StartAdapter  0000000140004340 f   rxdevice.obj
 0001:000033b0       SimulateHbaFwTgtFailure    00000001400043b0 f   rxdevice.obj
 0001:00003460       SimulateHbaScsiErros       0000000140004460 f   rxdevice.obj
 0001:000034f0       RevCheckCompatibility      00000001400044f0 f   revision.obj
 0001:00003580       RevGetBuildNumber          0000000140004580 f   revision.obj
 0001:00003590       RevGetExternalRev          0000000140004590 f   revision.obj
 0001:000035a0       CompareStrings             00000001400045a0 f   helpers.obj
 0001:00003600       GetDriverParameter         0000000140004600 f   helpers.obj
 0001:00003740       LongToAscii                0000000140004740 f   helpers.obj
 0001:00003800       MatchRegistryString        0000000140004800 f   helpers.obj
 0001:000038b0       ZeroStructure              00000001400048b0 f   helpers.obj
 0001:000038c0       ArcPrintf                  00000001400048c0 f   arcdebug.obj
 0001:00003b80       GetFwDebugBuffer           0000000140004b80 f   arcdebug.obj
 0001:00003d80       ProcessCompleteSrbToHost   0000000140004d80 f   arcdebug.obj
 0001:00003da0       PutItIntoInternalPrintBuffer 0000000140004da0 f   arcdebug.obj
 0001:00003e90       RealSprintf                0000000140004e90 f   arcdebug.obj
 0001:00004300       ChangeIoLimitAndPrintOutstanding 0000000140005300 f   timer.obj
 0001:00004400       CheckFWPulseInCrashDumpMode 0000000140005400 f   timer.obj
 0001:00004550       CheckingFWAfterPowerStateChange 0000000140005550 f   timer.obj
 0001:00004960       ConfigureContainersTimer   0000000140005960 f   timer.obj
 0001:00004af0       DelayNotification          0000000140005af0 f   timer.obj
 0001:00004b80       DequeueSortingQTimer       0000000140005b80 f   timer.obj
 0001:00004ca0       GoThruEventArray           0000000140005ca0 f   timer.obj
 0001:00004d60       MainTimeThread             0000000140005d60 f   timer.obj
 0001:000050a0       RequestAif                 00000001400060a0 f   timer.obj
 0001:00005200       RequestTimer               0000000140006200 f   timer.obj
 0001:000052d0       Reset_IOP_CompletionTimer  00000001400062d0 f   timer.obj
 0001:000057e0       RestartAdapterPendingTimer 00000001400067e0 f   timer.obj
 0001:00005900       ReturningKidnappedFibsToOS 0000000140006900 f   timer.obj
 0001:000059e0       StopTimer                  00000001400069e0 f   timer.obj
 0001:00005a90       SynchCommandCompletionTimer 0000000140006a90 f   timer.obj
 0001:00005b70       SynchFibCompletionTimer    0000000140006b70 f   timer.obj
 0001:00005ca0       UpdateThorHBAMappingTable  0000000140006ca0 f   timer.obj
 0001:00005f90       VMCloseAllCompletionTimer  0000000140006f90 f   timer.obj
 0001:000061e0       AllocateConsumerProducerCommArea 00000001400071e0 f   arcinit.obj
 0001:00006520       AllocateMessageUnitQueueCommArea 0000000140007520 f   arcinit.obj
 0001:00006ae0       ArcLogEventString          0000000140007ae0 f   arcinit.obj
 0001:00006b60       AtomicINTXReleaseSlot      0000000140007b60 f   arcinit.obj
 0001:00006b90       CheckForVersionMisMatch    0000000140007b90 f   arcinit.obj
 0001:00006d70       CheckMSIxPossibility       0000000140007d70 f   arcinit.obj
 0001:00006f90       CleanHostSideRRQ           0000000140007f90 f   arcinit.obj
 0001:000071c0       ConfigureContainersRuntime 00000001400081c0 f   arcinit.obj
 0001:00007ac0       DecToHex                   0000000140008ac0 f   arcinit.obj
 0001:00007b20       DriverEntry                0000000140008b20 f   arcinit.obj
 0001:00007c30       DumpFibsSentToFW60SecondsBefore 0000000140008c30 f   arcinit.obj
 0001:00007f00       DynamicallyThrottleLunQueueDepth 0000000140008f00 f   arcinit.obj
 0001:000081c0       FindAdapter                00000001400091c0 f   arcinit.obj
 0001:0000a580       GetElapsedSeconds          000000014000b580 f   arcinit.obj
 0001:0000a620       GetFreeSlot                000000014000b620 f   arcinit.obj
 0001:0000a660       GetThorHbaPhyDevInfo       000000014000b660 f   arcinit.obj
 0001:0000abb0       HWSoftReset                000000014000bbb0 f   arcinit.obj
 0001:0000ad50       HandleAdapterCommitConfig  000000014000bd50 f   arcinit.obj
 0001:0000ae30       HandleAdapterConfigIssues  000000014000be30 f   arcinit.obj
 0001:0000b010       HandleAdapterGetConfig     000000014000c010 f   arcinit.obj
 0001:0000b120       HwInitializeAdapter        000000014000c120 f   arcinit.obj
 0001:0000b570       ID_AllocateMem4CertainOBQ  000000014000c570 f   arcinit.obj
 0001:0000b6e0       ID_SetupMessageCap         000000014000c6e0 f   arcinit.obj
 0001:0000b820       INTXGetFreeSlot            000000014000c820 f   arcinit.obj
 0001:0000b850       IOPReset                   000000014000c850 f   arcinit.obj
 0001:0000bda0       InitializeConsumerProducerCommRegion 000000014000cda0 f   arcinit.obj
 0001:0000c060       InitializeConsumerProducerNewAdapter 000000014000d060 f   arcinit.obj
 0001:0000c140       InitializeDPCs             000000014000d140 f   arcinit.obj
 0001:0000c6a0       InitializeMessageUnitQueueNewAdapter 000000014000d6a0 f   arcinit.obj
 0001:0000c760       IsAdapterReadyForConfigCommand 000000014000d760 f   arcinit.obj
 0001:0000c8a0       LogSystemEvent             000000014000d8a0 f   arcinit.obj
 0001:0000c990       MapDeviceBase              000000014000d990 f   arcinit.obj
 0001:0000cf10       MatchPciIds                000000014000df10 f   arcinit.obj
 0001:0000d0c0       ReleaseSlot                000000014000e0c0 f   arcinit.obj
 0001:0000d100       ResetAdapter               000000014000e100 f   arcinit.obj
 0001:0000d870       ReturnOutstandingFibOnTargetDevice 000000014000e870 f   arcinit.obj
 0001:0000d9e0       ReturningLocalOutstandingRequestsToOS 000000014000e9e0 f   arcinit.obj
 0001:0000db50       ReturningOutstandingSentToFWBeforeIOPResetToOS 000000014000eb50 f   arcinit.obj
 0001:0000dcb0       SA4ACI2Interface           000000014000ecb0 f   arcinit.obj
 0001:0000ddd0       SA4CheckMSIx               000000014000edd0 f   arcinit.obj
 0001:0000de30       SA4StatusBatching          000000014000ee30 f   arcinit.obj
 0001:0000dfa0       SMCrashDumpModeInitAdapter 000000014000efa0 f   arcinit.obj
 0001:0000e250       SMNormalModeInitAdapter    000000014000f250 f   arcinit.obj
 0001:0000e740       SendEvent2OS               000000014000f740 f   arcinit.obj
 0001:0000f100       SendEvent2OSAIF            0000000140010100 f   arcinit.obj
 0001:0000f7d0       SendEvent2OSChild          00000001400107d0 f   arcinit.obj
 0001:0000fcf0       SendInitStructure          0000000140010cf0 f   arcinit.obj
 0001:000100a0       SendWellnessCmnd           00000001400110a0 f   arcinit.obj
 0001:000102b0       SetArcsasFwTime            00000001400112b0 f   arcinit.obj
 0001:00010360       SetFwTime                  0000000140011360 f   arcinit.obj
 0001:00010840       SetPciSlotNumber           0000000140011840 f   arcinit.obj
 0001:00010920       CompleteQueuedRequest      0000000140011920 f   cmddelivery.obj
 0001:00010a30       DequeueCertainLD           0000000140011a30 f   cmddelivery.obj
 0001:00010ae0       DequeueRawIoReadWriteRequest 0000000140011ae0 f   cmddelivery.obj
 0001:00010c10       HandleInterrupt            0000000140011c10 f   cmddelivery.obj
 0001:00010c30       HandleMSIXInterrupt        0000000140011c30 f   cmddelivery.obj
 0001:00010d10       PollSmartHBAFIBCompletion  0000000140011d10 f   cmddelivery.obj
 0001:000110b0       PostProcessScsiCommand     00000001400120b0 f   cmddelivery.obj
 0001:000113d0       ProcessContainerInquiry    00000001400123d0 f   cmddelivery.obj
 0001:00011920       ProcessScsiCommand         0000000140012920 f   cmddelivery.obj
 0001:00012570       QueuePrintf                0000000140013570 f   cmddelivery.obj
 0001:00012650       QueueRawIoReadWriteRequest 0000000140013650 f   cmddelivery.obj
 0001:00012930       SendFib                    0000000140013930 f   cmddelivery.obj
 0001:00012f00       SendRawIoFib               0000000140013f00 f   cmddelivery.obj
 0001:00013100       SendSynchFib               0000000140014100 f   cmddelivery.obj
 0001:00013320       StartIo                    0000000140014320 f   cmddelivery.obj
 0001:00013cc0       AdapterControl             0000000140014cc0 f   cmdproc.obj
 0001:000143c0       BuildIo                    00000001400153c0 f   cmdproc.obj
 0001:00014df0       BuildRawIo2ScatterGather   0000000140015df0 f   cmdproc.obj
 0001:00014fb0       BuildRawIoFib              0000000140015fb0 f   cmdproc.obj
 0001:00015310       BuildRawIoScatterGather    0000000140016310 f   cmdproc.obj
 0001:000154e0       BuildReadWriteFib          00000001400164e0 f   cmdproc.obj
 0001:00015870       BuildScatterGather         0000000140016870 f   cmdproc.obj
 0001:00015920       BuildScatterGather64       0000000140016920 f   cmdproc.obj
 0001:000159e0       BuildSrbFib                00000001400169e0 f   cmdproc.obj
 0001:00015c90       ConvertRawIo2ScatterGather 0000000140016c90 f   cmdproc.obj
 0001:00015e10       InitializeFib              0000000140016e10 f   cmdproc.obj
 0001:00015e40       PrepareBMIC15              0000000140016e40 f   cmdproc.obj
 0001:00016080       ReportFakeLuns             0000000140017080 f   cmdproc.obj
 0001:000160e0       BuildRawScatterGather      00000001400170e0 f   ioctl.obj
 0001:000161a0       BuildRawScatterGather64    00000001400171a0 f   ioctl.obj
 0001:00016260       CSMIGetControllerConfig    0000000140017260 f   ioctl.obj
 0001:000163a0       CSMIGetControllerStatus    00000001400173a0 f   ioctl.obj
 0001:00016400       CSMIGetDeviceAddress       0000000140017400 f   ioctl.obj
 0001:00016540       CSMIGetDriverInfo          0000000140017540 f   ioctl.obj
 0001:000165d0       CSMIGetPhyInfo             00000001400175d0 f   ioctl.obj
 0001:00016710       CSMIGetRAIDConfig          0000000140017710 f   ioctl.obj
 0001:00016990       CSMIGetRAIDInfo            0000000140017990 f   ioctl.obj
 0001:00016b00       CSMIGetSATASignature       0000000140017b00 f   ioctl.obj
 0001:00016c40       CSMIGetSCSIAddress         0000000140017c40 f   ioctl.obj
 0001:00016d90       CSMISTPPassThru            0000000140017d90 f   ioctl.obj
 0001:00017020       HandleCSMI                 0000000140018020 f   ioctl.obj
 0001:00017110       ProcessIoctl               0000000140018110 f   ioctl.obj
 0001:000199d0       AdapterIsAlive             000000014001a9d0 f   comm.obj
 0001:00019a10       CompleteAllSortingQueue    000000014001aa10 f   comm.obj
 0001:00019ac0       CompleteBufferedRequest    000000014001aac0 f   comm.obj
 0001:00019ba0       CompleteSortingQueueRequest 000000014001aba0 f   comm.obj
 0001:00019c40       DeQueueSortingQueue        000000014001ac40 f   comm.obj
 0001:00019df0       DpcDequeueRawIoReadWriteRequest 000000014001adf0 f   comm.obj
 0001:00019e70       FreeConsumerProducerAif    000000014001ae70 f   comm.obj
 0001:00019fc0       GetConsumerProducerCompletedFib 000000014001afc0 f   comm.obj
 0001:0001a050       GetMessageUnitQueueCompletedFib 000000014001b050 f   comm.obj
 0001:0001a070       ProcessAif                 000000014001b070 f   comm.obj
 0001:0001a9a0       ProcessHbaErrors           000000014001b9a0 f   comm.obj
 0001:0001afb0       ProcessNormalFib           000000014001bfb0 f   comm.obj
 0001:0001b930       QueueEvent                 000000014001c930 f   comm.obj
 0001:0001b9d0       RestoreBMIC15Srb           000000014001c9d0 f   comm.obj
 0001:0001bac0       SendConsumerProducerFib    000000014001cac0 f   comm.obj
 0001:0001bbc0       SendMessageUnitQueueFib    000000014001cbc0 f   comm.obj
 0001:0001bc30       ServiceHostCommandNormalQueue 000000014001cc30 f   comm.obj
 0001:0001bd20       ServiceHostResponseNormalQueue 000000014001cd20 f   comm.obj
 0001:0001c140       ServiceInternalAifQueue    000000014001d140 f   comm.obj
 0001:0001c220       SubDeQueueSortingQueue     000000014001d220 f   comm.obj
 0001:0001c330       HwScsiWmiExecuteMethod     000000014001d330 f   wmi.obj
 0001:0001c3d0       HwScsiWmiFunctionControl   000000014001d3d0 f   wmi.obj
 0001:0001c3d0       HwScsiWmiQueryDataBlock    000000014001d3d0 f   wmi.obj
 0001:0001c3f0       HwScsiWmiQueryReginfo      000000014001d3f0 f   wmi.obj
 0001:0001c410       HwScsiWmiSetDataItem       000000014001d410 f   wmi.obj
 0001:0001c410       HwScsiWmiSetDataBlock      000000014001d410 f   wmi.obj
 0001:0001c420       InitializeWmiInterface     000000014001d420 f   wmi.obj
 0001:0001c540       ProcessWmi                 000000014001d540 f   wmi.obj
 0001:0001c5c8       GsDriverEntry              000000014001d5c8 f   BufferOverflowFastFailK:gs_driverentry.obj
 0001:0001c610       __security_check_cookie    000000014001d610 f   BufferOverflowFastFailK:amdsecgs.obj
 0001:0001c638       __report_gsfailure         000000014001d638 f   BufferOverflowFastFailK:gs_report.obj
 0001:0001c648       __report_rangecheckfailure 000000014001d648 f   BufferOverflowFastFailK:gs_report.obj
 0001:0001c658       __GSHandlerCheckCommon     000000014001d658 f   ntoskrnl:gshandler.obj
 0001:0001c6c4       __GSHandlerCheck           000000014001d6c4 f   ntoskrnl:gshandler.obj
 0001:0001c700       memset                     000000014001d700 f   ntoskrnl:memset.obj
 0001:0001c7f0       ExSystemTimeToLocalTime    000000014001d7f0 f   ntoskrnl:ntoskrnl.exe
 0001:0001c7fc       RtlTimeToTimeFields        000000014001d7fc f   ntoskrnl:ntoskrnl.exe
 0001:0001c808       KeQueryPerformanceCounter  000000014001d808 f   hal:HAL.dll
 0001:0001c814       ScsiPortWmiDispatchFunction 000000014001d814 f   scsiwmi:wmilib.obj
 0001:0001c8b8       ScsiWmipProcessRequest     000000014001d8b8 f   scsiwmi:wmilib.obj
 0001:0001cd04       ScsiPortWmiPostProcess     000000014001dd04 f   scsiwmi:wmilib.obj
 0001:0001cd3c       ScsiWmipPostProcess        000000014001dd3c f   scsiwmi:wmilib.obj
 0001:0001cea8       ScsiWmipFindGuid           000000014001dea8 f   scsiwmi:wmilib.obj
 0001:0001cf80       memcpy                     000000014001df80 f   ntoskrnl:memcpy.obj
 0001:0001cf80       memmove                    000000014001df80     ntoskrnl:memcpy.obj
 0001:0001d2c0       ??_C@_0CJ@KAGJNHLI@OMR?5value?5in?5Check?5Adapter?5Healt@FNODOBFM@ 000000014001e2c0     rxdevice.obj
 0001:0001d2f0       ??_C@_0DE@IHDJGLJF@This?5should?5not?5happen?4?5We?5only?5@FNODOBFM@ 000000014001e2f0     rxdevice.obj
 0001:0001d330       ??_C@_0CP@PEAJGKJE@?$CK?5NonMSIXInterruptHandle?3?5pFibCo@FNODOBFM@ 000000014001e330     rxdevice.obj
 0001:0001d360       ??_C@_0EM@CCDNION@?$CK?5Start?5a?5timer?5to?5update?5contai@FNODOBFM@ 000000014001e360     rxdevice.obj
 0001:0001d3b0       ??_C@_0DL@CJNCADJJ@?$CK?53?124?3?5pFibContext?$DNNULL?5?$CB?$CBline?5@FNODOBFM@ 000000014001e3b0     rxdevice.obj
 0001:0001d3f0       ??_C@_0ED@DAJFCMJP@?$CK?5Start?5a?5timer?5to?5update?5Contai@FNODOBFM@ 000000014001e3f0     rxdevice.obj
 0001:0001d440       ??_C@_0BF@JNCAAJNE@pFibContext?$DNNULL?5?$CB?$CB?6?$AA@FNODOBFM@ 000000014001e440     rxdevice.obj
 0001:0001d460       ??_C@_0EI@DKKBIMEF@?$CK?5Start?5a?5timer?5to?5update?5contai@FNODOBFM@ 000000014001e460     rxdevice.obj
 0001:0001d4b0       ??_C@_0FE@JLKFMCPA@?$CK?5PMCPushMessageUnitQueueFib?3?5Cm@FNODOBFM@ 000000014001e4b0     rxdevice.obj
 0001:0001d510       ??_C@_0FE@JICOMBJP@?$CK?5PMCPushMessageUnitQueueFib?3?5Cm@FNODOBFM@ 000000014001e510     rxdevice.obj
 0001:0001d570       ??_C@_0HN@JEPKAECC@?$CK?5RxSendSynchCommand?3?5Thor?5AIF?5e@FNODOBFM@ 000000014001e570     rxdevice.obj
 0001:0001d5f0       ??_C@_0EC@LAPIEKPJ@?$CK?5RxSendSynchCommand?3?5mailbox?$FL0?$FN@FNODOBFM@ 000000014001e5f0     rxdevice.obj
 0001:0001d640       ??_C@_0DJ@GJNDHOED@?$CK?5RxSendSynchCommand?3?5mailbox?$FL0?$FN@FNODOBFM@ 000000014001e640     rxdevice.obj
 0001:0001d680       ??_C@_0HK@NJDHDGMI@?$CK?5RxSendSynchCommand?3?5There?5is?5a@FNODOBFM@ 000000014001e680     rxdevice.obj
 0001:0001d700       ??_C@_0HB@PLCHFMAA@?$CK?5RxSendSynchCommand?3?5synch?5cmd?3@FNODOBFM@ 000000014001e700     rxdevice.obj
 0001:0001d780       ??_C@_0FD@ECFFGBJE@?5RxSendSynchCommand?3?5FW?5doing?5IO@FNODOBFM@ 000000014001e780     rxdevice.obj
 0001:0001d7e0       ??_C@_0FE@DOFCONDK@?$CK?5RxSendSynchCommand?3?5wait?5for?5F@FNODOBFM@ 000000014001e7e0     rxdevice.obj
 0001:0001d840       ??_C@_0GF@LFEFAJKJ@?5RxSendSynchCommand?5?$CIcrash?5dump?5@FNODOBFM@ 000000014001e840     rxdevice.obj
 0001:0001d8b0       ??_C@_0GF@CDCMENMG@?$CK?5RxSendSynchCommand?5?$CIcrash?5dump@FNODOBFM@ 000000014001e8b0     rxdevice.obj
 0001:0001d920       ??_C@_0EL@HOIBIGPI@?$CK?5RxSendSynchCommand?3?5Got?5respon@FNODOBFM@ 000000014001e920     rxdevice.obj
 0001:0001d970       ??_C@_0EJ@DGPABBLG@?$CK?5RxSendSynchCommand?3?5Should?5NOT@FNODOBFM@ 000000014001e970     rxdevice.obj
 0001:0001d9c0       ??_C@_0FA@HKIBFKMH@?$CK?5RxSendSynchCommand?3?5Still?5NO?5r@FNODOBFM@ 000000014001e9c0     rxdevice.obj
 0001:0001da10       ??_C@_0KI@HMCHOJIN@?5RxSendSynchCommand?$FLMSIX?5mode?$FN?5f@FNODOBFM@ 000000014001ea10     rxdevice.obj
 0001:0001dac0       ??_C@_0JP@JKCHEOCJ@?5RxSendSynchCommand?$FLMSIX?5mode?$FN?3?5@FNODOBFM@ 000000014001eac0     rxdevice.obj
 0001:0001db60       ??_C@_0CN@BCCBJMEA@?5RxSendSynchCommand?5Failed?5?$CFd?0wa@FNODOBFM@ 000000014001eb60     rxdevice.obj
 0001:0001db90       ??_C@_0DB@JEAHJGPL@?$CK?5pDeviceExtension?9?$DOMaxMSIXVecto@FNODOBFM@ 000000014001eb90     rxdevice.obj
 0001:0001dbd0       ??_C@_0CB@JPABDNKH@?$CK?5Begins?5StatusBatching?0?5Yeaaa?$CB?6@FNODOBFM@ 000000014001ebd0     rxdevice.obj
 0001:0001dc00       ??_C@_0CF@BPKEMKA@?$CK?5ACI2?5Command?5Delivery?5is?5enabl@FNODOBFM@ 000000014001ec00     rxdevice.obj
 0001:0001dc30       ??_C@_1DK@JBHFOPMP@?$AAA?$AAd?$AAa?$AAp?$AAt?$AAe?$AAr?$AA?5?$AAC?$AAo?$AAn?$AAf?$AAi?$AAg?$AAu?$AAr?$AAa?$AAt?$AAi?$AAo?$AAn?$AA?5?$AAf?$AAa?$AAi?$AAl?$AAe?$AAd?$AA?$AA@FNODOBFM@ 000000014001ec30     rxdevice.obj
 0001:0001dc70       ??_C@_02DKCKIIND@?$CFs?$AA@FNODOBFM@ 000000014001ec70     arcdebug.obj
 0001:0001dc80       ??_C@_06CMBKHLEL@Arcsas?$AA@FNODOBFM@ 000000014001ec80     arcdebug.obj
 0001:0001dc90       ??_C@_0BC@JKBDDNDF@DelayNotification?$AA@FNODOBFM@ 000000014001ec90     timer.obj
 0001:0001dcb0       ??_C@_0CK@BKKGBKDP@?$CK?5Scan?5Notification?5sent?5in?5?$CFs?5?$CI@FNODOBFM@ 000000014001ecb0     timer.obj
 0001:0001dce0       ??_C@_0GB@FAGGLJPH@?$CK?5First?58?5HBA?5devices?3?5?$CI0x?$CFx?0?$CFd?$CJ@FNODOBFM@ 000000014001ece0     timer.obj
 0001:0001dd50       ??_C@_0FN@EKAEFPGA@?$CK?5HBA?5mapping?5table?5updated?0?5tim@FNODOBFM@ 000000014001ed50     timer.obj
 0001:0001ddb0       ??_C@_0GF@PMGNJLIM@?$CK?5Start?5a?5timer?5to?5update?5Contai@FNODOBFM@ 000000014001edb0     timer.obj
 0001:0001de20       ??_C@_0CK@JLKEFPAM@entering?5CheckingFWAfterPowerSta@FNODOBFM@ 000000014001ee20     timer.obj
 0001:0001de50       ??_C@_0GN@GHJFFNOA@?$CK?5set?5timer?5AGAIN?5in?5CheckingFWA@FNODOBFM@ 000000014001ee50     timer.obj
 0001:0001dec0       ??_C@_0FK@MIIMDOAD@?$CK?5set?5timer?5AGAIN?5in?5CheckingFWA@FNODOBFM@ 000000014001eec0     timer.obj
 0001:0001df20       ??_C@_0GB@EDFGCDFC@?$CK?5set?5timer?5AGAIN?5in?5CheckingFWA@FNODOBFM@ 000000014001ef20     timer.obj
 0001:0001df90       ??_C@_0N@MNJHGOLP@7?45?40?452013?$AA?$AA@FNODOBFM@ 000000014001ef90     timer.obj
 0001:0001dfa0       ??_C@_0DO@GCDGNMH@?$CK?5FW?5is?5back?5from?5S3?1S4?4?5StorPor@FNODOBFM@ 000000014001efa0     timer.obj
 0001:0001dfe0       ??_C@_0DM@JABFAEPO@?$CK?5?9?5Reset?5AIFSrb?5to?5NULL?5when?5ba@FNODOBFM@ 000000014001efe0     timer.obj
 0001:0001e020       ??_C@_0DN@ELHOMNDM@?$CK?5leaving?5CheckingFWAfterPowerSt@FNODOBFM@ 000000014001f020     timer.obj
 0001:0001e060       ??_C@_0DO@OBELKDEH@?$CK?5set?5timer?5AGAIN?5to?5check?5the?5F@FNODOBFM@ 000000014001f060     timer.obj
 0001:0001e0a0       ??_C@_0CI@JPJEKICG@DPC?9Timeout?5may?5happen?5in?5ResetA@FNODOBFM@ 000000014001f0a0     timer.obj
 0001:0001e0d0       ??_C@_0DH@JNGKJDAE@One?5kidnapped?5FIB?5released?$CB?5FIB_@FNODOBFM@ 000000014001f0d0     timer.obj
 0001:0001e110       ??_C@_0EJ@PCDGPKJP@?$CK?5Driver?5was?5not?5able?5to?5send?5?$CFd@FNODOBFM@ 000000014001f110     timer.obj
 0001:0001e160       ??_C@_0DM@PNDEAHOI@?$CK?5Send?5BusChangeDetected?5to?5OS?5i@FNODOBFM@ 000000014001f160     timer.obj
 0001:0001e1a0       ??_C@_0EH@FCLGCKBJ@?$CK?5Start?5a?5timer?5to?5update?5HBA?5de@FNODOBFM@ 000000014001f1a0     timer.obj
 0001:0001e1f0       ??_C@_0GE@IFJDDHGE@?$CK?5Start?5a?5timer?5to?5update?5Contai@FNODOBFM@ 000000014001f1f0     timer.obj
 0001:0001e260       ??_C@_0DL@DODBJONE@?$CK?5SynchCommandCompletionTimer?3?5S@FNODOBFM@ 000000014001f260     timer.obj
 0001:0001e2a0       ??_C@_0EO@CBNEAKKI@?$CK?5VMCloseAllCompletionTimer?3?5sen@FNODOBFM@ 000000014001f2a0     timer.obj
 0001:0001e2f0       ??_C@_0FI@MJCPBEAD@?$CK?5VMCloseAllCompletionTimer?3?5wai@FNODOBFM@ 000000014001f2f0     timer.obj
 0001:0001e350       ??_C@_0DO@ELMMCKMD@?$CK?5VMCloseAllCompletionTimer?3?5SRB@FNODOBFM@ 000000014001f350     timer.obj
 0001:0001e390       ??_C@_0EH@BGEEAOIJ@?$CK?5VMCloseAllCompletionTimer?3?5Sho@FNODOBFM@ 000000014001f390     timer.obj
 0001:0001e3e0       ??_C@_0EF@HLMPMNBN@?$CK?5VMCloseAllCompletionTimer?3?5Syn@FNODOBFM@ 000000014001f3e0     timer.obj
 0001:0001e430       ??_C@_0DH@IBACIAED@?$CK?5SynchFibCompletionTimer?3?5SyncF@FNODOBFM@ 000000014001f430     timer.obj
 0001:0001e470       ??_C@_0DP@OKLOLMOG@?5IBW_SWR?5register?5value?50?0?5reset@FNODOBFM@ 000000014001f470     timer.obj
 0001:0001e4b0       ??_C@_0CK@IHFMNBPG@?$CK?5IOP?5Reset?5TSR?3?5State?5Machine?5s@FNODOBFM@ 000000014001f4b0     timer.obj
 0001:0001e4e0       ??_C@_0FK@ODMKKBJL@?$CK?5Start?5a?5timer?5to?5update?5Contai@FNODOBFM@ 000000014001f4e0     timer.obj
 0001:0001e540       ??_C@_0FH@GFIHLMMH@?$CK?5Start?5a?5timer?5to?5update?5Contai@FNODOBFM@ 000000014001f540     timer.obj
 0001:0001e5a0       ??_C@_0DH@KAAGAFOD@?$CK?5leaving?5Reset_IOP_CompletionTi@FNODOBFM@ 000000014001f5a0     timer.obj
 0001:0001e5e0       ??_C@_0CD@MKPFBJDC@leaving?5Reset_IOP_CompletionTime@FNODOBFM@ 000000014001f5e0     timer.obj
 0001:0001e610       ??_C@_0DL@DOEFCINE@?$CK?5HW?5SOFT?5RESET?5done?4?5StorPort?5m@FNODOBFM@ 000000014001f610     timer.obj
 0001:0001e650       ??_C@_0DH@DFJOPAAJ@?$CK?5RESET?5IOP?5done?4?5StorPort?5minip@FNODOBFM@ 000000014001f650     timer.obj
 0001:0001e690       ??_C@_0CK@OJIMCPJO@Kernel?5Panic?5BlinkLed?5Code?5?$CFx?5?0?5@FNODOBFM@ 000000014001f690     timer.obj
 0001:0001e6c0       ??_C@_0CL@KFLNLOFE@IOP_HWSOFT_RESET?3?5FW?5status?5?$CFx?5?0@FNODOBFM@ 000000014001f6c0     timer.obj
 0001:0001e6f0       ??_C@_0BP@HJBLFCEF@?$CK?5PCIE?5reset?5issued?0?5line?5?$CD?$CFd?6?$AA@FNODOBFM@ 000000014001f6f0     timer.obj
 0001:0001e710       ??_C@_0DE@KOMJIKJE@?$CK?5set?5timer?5AGAIN?5to?5check?5the?5F@FNODOBFM@ 000000014001f710     timer.obj
 0001:0001e750       ??_C@_0EF@BBNOBECH@?$CK?5set?5timer?5AGAIN?5to?5check?5the?5F@FNODOBFM@ 000000014001f750     timer.obj
 0001:0001e7a0       ??_C@_0EC@MICIKMJM@?$CK?5set?5timer?5AGAIN?5to?5check?5the?5F@FNODOBFM@ 000000014001f7a0     timer.obj
 0001:0001e7f0       ??_C@_0DI@CMFOGNCK@?$CK?5RequestAif?3?5do?5not?5handle?5AIF?5@FNODOBFM@ 000000014001f7f0     timer.obj
 0001:0001e830       ??_C@_0BJ@HIBCALL@ProcessAgeOfSortingQueue?$AA@FNODOBFM@ 000000014001f830     timer.obj
 0001:0001e850       ??_C@_0DA@GEMOEFPE@Dequeue?5Sorting?5Queue?5failed?5in?5@FNODOBFM@ 000000014001f850     timer.obj
 0001:0001e880       ??_C@_0ID@HFHPGANL@Dequeue?5Sorting?5Queue?5failed?5whe@FNODOBFM@ 000000014001f880     timer.obj
 0001:0001e910       ??_C@_0CL@MJMGCLDD@entering?5AllocateConsumerProduce@FNODOBFM@ 000000014001f910     arcinit.obj
 0001:0001e940       ??_C@_0DK@IJIOFPFH@leaving?5AllocateConsumerProducer@FNODOBFM@ 000000014001f940     arcinit.obj
 0001:0001e980       ??_C@_0CI@FFOEPFMJ@?$CK?5ConsumerProducerCommArea?0?5VAdd@FNODOBFM@ 000000014001f980     arcinit.obj
 0001:0001e9b0       ??_C@_0CN@MBHLABKL@?$CK?5Adapter?5got?5an?5invalid?5host?5me@FNODOBFM@ 000000014001f9b0     arcinit.obj
 0001:0001e9e0       ??_C@_0DJ@JGKEIEFI@leaving?5AllocateConsumerProducer@FNODOBFM@ 000000014001f9e0     arcinit.obj
 0001:0001ea20       ??_C@_0CL@KCDMGIOM@entering?5AllocateMessageUnitQueu@FNODOBFM@ 000000014001fa20     arcinit.obj
 0001:0001ea50       ??_C@_0FP@JFBPKCDF@?$CK?5AllocateMessageUnitQueueCommAr@FNODOBFM@ 000000014001fa50     arcinit.obj
 0001:0001eab0       ??_C@_0DM@JMMHKBOC@?$CK?5AllocateMessageUnitQueueCommAr@FNODOBFM@ 000000014001fab0     arcinit.obj
 0001:0001eaf0       ??_C@_0DK@BKFHOPDI@leaving?5AllocateMessageUnitQueue@FNODOBFM@ 000000014001faf0     arcinit.obj
 0001:0001eb30       ??_C@_0DA@ICFHAOHF@?$CK?5AllocateMessageUnitQueueCommAr@FNODOBFM@ 000000014001fb30     arcinit.obj
 0001:0001eb60       ??_C@_0FB@FDJPGKAF@?$CK?5StorPortAllocateContiguousMemo@FNODOBFM@ 000000014001fb60     arcinit.obj
 0001:0001ebc0       ??_C@_0FB@MMEFOJJL@?$CK?5StorPortAllocateContiguousMemo@FNODOBFM@ 000000014001fbc0     arcinit.obj
 0001:0001ec20       ??_C@_0BJ@OICKMJHC@?$CK?5pBuf1?$DN0x?$CFp?0pBuf2?$DN0x?$CFp?6?$AA@FNODOBFM@ 000000014001fc20     arcinit.obj
 0001:0001ec40       ??_C@_0BO@DPONBFMO@?$CK?5MemoryPhysicalAddress?$DN0x?$CFp?6?$AA@FNODOBFM@ 000000014001fc40     arcinit.obj
 0001:0001ec60       ??_C@_0EL@ELLGMDMB@?$CK?5Allocate?5big?5IOCTL?5buffer?5succ@FNODOBFM@ 000000014001fc60     arcinit.obj
 0001:0001ecb0       ??_C@_0DJ@EGOLHGNF@leaving?5AllocateMessageUnitQueue@FNODOBFM@ 000000014001fcb0     arcinit.obj
 0001:0001ecf0       ??_C@_0CF@DNFJFJLG@entering?5ConfigureContainersRunt@FNODOBFM@ 000000014001fcf0     arcinit.obj
 0001:0001ed20       ??_C@_0EJ@GFICDCBB@?$CK?5ConfigureContainersRuntime?3?5Re@FNODOBFM@ 000000014001fd20     arcinit.obj
 0001:0001ed70       ??_C@_0EF@KJEEMCEN@?$CK?5ConfigureContainersRuntime?3?5Ge@FNODOBFM@ 000000014001fd70     arcinit.obj
 0001:0001edc0       ??_C@_0EF@JADMGPAN@?$CK?5ConfigureContainersRuntime?3?5Ge@FNODOBFM@ 000000014001fdc0     arcinit.obj
 0001:0001ee10       ??_C@_0EM@NKPEDKJ@?$CK?5ConfigureContainersRuntime?3?5no@FNODOBFM@ 000000014001fe10     arcinit.obj
 0001:0001ee60       ??_C@_0EF@ECHMIPBP@?$CK?5Found?5a?5new?5container?5?9?5tid?3?5?$CF@FNODOBFM@ 000000014001fe60     arcinit.obj
 0001:0001eeb0       ??_C@_0DK@FCJKMAGD@ConfigureContainersRuntime?3?5UID?5@FNODOBFM@ 000000014001feb0     arcinit.obj
 0001:0001eef0       ??_C@_0DK@PHPDGAOG@?$CK?5ConfigureContainersRuntime?3?5di@FNODOBFM@ 000000014001fef0     arcinit.obj
 0001:0001ef30       ??_C@_0GG@BFFFADFC@?$CK?5ConfigureContainersRuntime?3?5Fa@FNODOBFM@ 000000014001ff30     arcinit.obj
 0001:0001efa0       ??_C@_0EA@JBBLNOGE@?$CK?5ConfigureContainersRuntime?3?5RA@FNODOBFM@ 000000014001ffa0     arcinit.obj
 0001:0001efe0       ??_C@_0FJ@MOJFHLFO@?$CK?5ConfigureContainersRuntime?3?5Di@FNODOBFM@ 000000014001ffe0     arcinit.obj
 0001:0001f040       ??_C@_0CO@FOBCLEMJ@?$CK?5ConfigureContainersRuntime?3?5di@FNODOBFM@ 0000000140020040     arcinit.obj
 0001:0001f070       ??_C@_0DO@KMBICFHC@?$CK?5ConfigureContainersRuntime?3?5Sy@FNODOBFM@ 0000000140020070     arcinit.obj
 0001:0001f0b0       ??_C@_0DB@JMFIFBDA@leaving?5ConfigureContainersRunti@FNODOBFM@ 00000001400200b0     arcinit.obj
 0001:0001f0f0       ??_C@_0CC@KOGKIGDL@entering?5CheckForVersionMisMatch@FNODOBFM@ 00000001400200f0     arcinit.obj
 0001:0001f120       ??_C@_0CB@BOFDNAKM@This?5is?5a?5code?5stream?5identifier@FNODOBFM@ 0000000140020120     arcinit.obj
 0001:0001f150       ??_C@_1CE@PCDJGPON@?$AAB?$AAa?$AAd?$AA?5?$AAV?$AAe?$AAr?$AAs?$AAi?$AAo?$AAn?$AA?5?$AAM?$AAa?$AAt?$AAc?$AAh?$AA?$AA@FNODOBFM@ 0000000140020150     arcinit.obj
 0001:0001f180       ??_C@_0DF@MNNMPGOO@?$CK?5Version?5Mismatch?3?5Bios?3?$CFd?0?5Fir@FNODOBFM@ 0000000140020180     arcinit.obj
 0001:0001f1c0       ??_C@_0EC@DEDLMEPI@leving?5CheckForVersionMisMatch?5w@FNODOBFM@ 00000001400201c0     arcinit.obj
 0001:0001f210       ??_C@_0BN@GKEKJNDP@?$CFs?5Driver?5entry?5rtnval?5?$DN?5?$CFx?6?$AA@FNODOBFM@ 0000000140020210     arcinit.obj
 0001:0001f230       ??_C@_0DD@FIIKPLIC@?$CFs?3?5Driver?5FindAdapter?5?9?5invalid@FNODOBFM@ 0000000140020230     arcinit.obj
 0001:0001f270       ??_C@_0M@NCHBOPE@kernalprint?$AA@FNODOBFM@ 0000000140020270     arcinit.obj
 0001:0001f280       ??_C@_0BE@IDLOJBGB@?$CK?5KERNAL?5PRINT?5?$DN?51?6?$AA@FNODOBFM@ 0000000140020280     arcinit.obj
 0001:0001f2a0       ??_C@_0BG@INJAEJHE@entering?5FindAdapter?6?$AA@FNODOBFM@ 00000001400202a0     arcinit.obj
 0001:0001f2c0       ??_C@_0FD@NLKPIIHJ@?$CK?5This?5is?5WS03?5R2?0?5Vista?5or?5Long@FNODOBFM@ 00000001400202c0     arcinit.obj
 0001:0001f320       ??_C@_0FF@EIPBDAPC@?$CK?$CK?$CK?$CK?$CK?5Size?5of?5PORT_CONFIGURATION@FNODOBFM@ 0000000140020320     arcinit.obj
 0001:0001f380       ??_C@_0EF@MDPAOPOH@?$CK?5HwScsiFindAdapter?3?5DeviceExten@FNODOBFM@ 0000000140020380     arcinit.obj
 0001:0001f3d0       ??_C@_0CD@BBBDOKPE@?$CK?5Returned?5PCI?5bus?5data?5length?$DN?$CF@FNODOBFM@ 00000001400203d0     arcinit.obj
 0001:0001f400       ??_C@_0BB@ELNGMCEN@BreakPointHelper?$AA@FNODOBFM@ 0000000140020400     arcinit.obj
 0001:0001f420       ??_C@_0BN@NMODDHNP@?$CK?53?5seconds?5waiting?5is?5done?6?$AA@FNODOBFM@ 0000000140020420     arcinit.obj
 0001:0001f440       ??_C@_0DD@OAOECDIB@leaving?5FindAdapter?5?9?5StorPortGe@FNODOBFM@ 0000000140020440     arcinit.obj
 0001:0001f480       ??_C@_0DF@ODNFGMFG@?$CK?5leaving?5FindAdapter?5?9?5StorPort@FNODOBFM@ 0000000140020480     arcinit.obj
 0001:0001f4c0       ??_C@_0BN@FJDEMAMC@?$CK?50x40?5PCI?5Bus?5Data?5read?5in?6?$AA@FNODOBFM@ 00000001400204c0     arcinit.obj
 0001:0001f4e0       ??_C@_0BN@INBKDNHG@?$CK?50xFF?5PCI?5Bus?5Data?5read?5in?6?$AA@FNODOBFM@ 00000001400204e0     arcinit.obj
 0001:0001f500       ??_C@_0DB@DAIGEFPJ@?$CK?5No?5Support?5on?5Capabilties?5list@FNODOBFM@ 0000000140020500     arcinit.obj
 0001:0001f540       ??_C@_0BM@KCLFMKNE@?$CK?5Capability_offset?5?$DN?50x?$CFx?5?$AA@FNODOBFM@ 0000000140020540     arcinit.obj
 0001:0001f560       ??_C@_0BJ@KNABCMMM@?5?9?9?$DOcapabilty_id?5?$DN?50x?$CFx?6?$AA@FNODOBFM@ 0000000140020560     arcinit.obj
 0001:0001f580       ??_C@_0BK@JIIOJNIO@?$CK?5Message_control?5?$DN?50x?$CFx?6?$AA@FNODOBFM@ 0000000140020580     arcinit.obj
 0001:0001f5a0       ??_C@_0BF@HNFCBKLM@?$CK?5HW?5supports?5MSI?9X?6?$AA@FNODOBFM@ 00000001400205a0     arcinit.obj
 0001:0001f5c0       ??_C@_0L@BLEMHNKF@archbamode?$AA@FNODOBFM@ 00000001400205c0     arcinit.obj
 0001:0001f5d0       ??_C@_0BM@OFPMAGCK@?$CK?5ARC?5HBA?5MODE?5setting?3?5?$CFd?6?$AA@FNODOBFM@ 00000001400205d0     arcinit.obj
 0001:0001f5f0       ??_C@_07IICIIOGL@fibdump?$AA@FNODOBFM@ 00000001400205f0     arcinit.obj
 0001:0001f600       ??_C@_0BI@NEHBJBBP@?$CK?5FIB?5DUMP?5setting?3?5?$CFd?6?$AA@FNODOBFM@ 0000000140020600     arcinit.obj
 0001:0001f620       ??_C@_09LEIBFFMJ@forceintx?$AA@FNODOBFM@ 0000000140020620     arcinit.obj
 0001:0001f630       ??_C@_0N@FCLAIEBP@forcepolling?$AA@FNODOBFM@ 0000000140020630     arcinit.obj
 0001:0001f640       ??_C@_0DI@MNEPEDIK@?$CK?5StorPortGetActiveGroupCount?5ha@FNODOBFM@ 0000000140020640     arcinit.obj
 0001:0001f680       ??_C@_0ED@JJDFFHPI@?$CK?5StorPortGetActiveGroupCount?5re@FNODOBFM@ 0000000140020680     arcinit.obj
 0001:0001f6d0       ??_C@_0DJ@FDFDEBND@?$CK?5StorPortGetHighestNodeNumber?5h@FNODOBFM@ 00000001400206d0     arcinit.obj
 0001:0001f710       ??_C@_0EL@PIGODLHL@?$CK?5StorPortGetHighestNodeNumber?5r@FNODOBFM@ 0000000140020710     arcinit.obj
 0001:0001f760       ??_C@_0EM@HBPALBEJ@?$CK?5StorPortGetHighestNodeNumber?5r@FNODOBFM@ 0000000140020760     arcinit.obj
 0001:0001f7b0       ??_C@_0DF@EDOFIEGL@?$CK?5StorPortGetGroupAffinity?5has?5n@FNODOBFM@ 00000001400207b0     arcinit.obj
 0001:0001f7f0       ??_C@_0HE@CADMEBCK@?$CK?5StorPortGetGroupAffinity?5retur@FNODOBFM@ 00000001400207f0     arcinit.obj
 0001:0001f870       ??_C@_0EI@OFPHCHHN@?$CK?5StorPortGetGroupAffinity?5retur@FNODOBFM@ 0000000140020870     arcinit.obj
 0001:0001f8c0       ??_C@_0EO@MADFJJKE@?$CK?5StorPortGetGroupAffinity?5retur@FNODOBFM@ 00000001400208c0     arcinit.obj
 0001:0001f910       ??_C@_0P@JECJMKHH@runspecialcode?$AA@FNODOBFM@ 0000000140020910     arcinit.obj
 0001:0001f920       ??_C@_0BI@LHEEIHDL@?$CK?5RUN?5SPECIAL?5CODE?5?$DN?51?6?$AA@FNODOBFM@ 0000000140020920     arcinit.obj
 0001:0001f940       ??_C@_0BI@LGIGONAM@?$CK?5RUN?5SPECIAL?5CODE?5?$DN?50?6?$AA@FNODOBFM@ 0000000140020940     arcinit.obj
 0001:0001f960       ??_C@_0M@KNIKEID@kidnapvalve?$AA@FNODOBFM@ 0000000140020960     arcinit.obj
 0001:0001f970       ??_C@_0BF@CEDJMGLL@?$CK?5KIDNAP?5VALVE?5?$DN?5?$CFd?6?$AA@FNODOBFM@ 0000000140020970     arcinit.obj
 0001:0001f990       ??_C@_0O@OCGMBHKL@checkinterval?$AA@FNODOBFM@ 0000000140020990     arcinit.obj
 0001:0001f9a0       ??_C@_0CM@FEFEBKKC@?$CK?5IOP?5RESET?5COMPLETION?5Check?5Int@FNODOBFM@ 00000001400209a0     arcinit.obj
 0001:0001f9d0       ??_C@_0N@MOEJGNKK@stallseconds?$AA@FNODOBFM@ 00000001400209d0     arcinit.obj
 0001:0001f9e0       ??_C@_0BG@DLFLFJEO@?$CK?5STALL?5SECONDS?5?$DN?5?$CFd?6?$AA@FNODOBFM@ 00000001400209e0     arcinit.obj
 0001:0001fa00       ??_C@_0O@BPMKJHCJ@hbaqueuedepth?$AA@FNODOBFM@ 0000000140020a00     arcinit.obj
 0001:0001fa10       ??_C@_0BI@IIHNBKPK@?$CK?5HBA?5QUEUE?5DEPTH?5?$DN?5?$CFd?6?$AA@FNODOBFM@ 0000000140020a10     arcinit.obj
 0001:0001fa30       ??_C@_04GGLOKIEE@dump?$AA@FNODOBFM@ 0000000140020a30     arcinit.obj
 0001:0001fa40       ??_C@_05FDLGEGEK@ntldr?$AA@FNODOBFM@ 0000000140020a40     arcinit.obj
 0001:0001fa50       ??_C@_05PMICOLGA@hiber?$AA@FNODOBFM@ 0000000140020a50     arcinit.obj
 0001:0001fa60       ??_C@_0CD@JEMNEMMP@?$CK?$CK?$CK?$CK?5dump?5?$HM?5ntldr?5?$HM?5hiber?5is?5TRU@FNODOBFM@ 0000000140020a60     arcinit.obj
 0001:0001fa90       ??_C@_0BK@NELCFLHO@?$CK?5Switching?5to?5INTx?5mode?6?$AA@FNODOBFM@ 0000000140020a90     arcinit.obj
 0001:0001fab0       ??_C@_09IPELKJIO@BLEDCheck?$AA@FNODOBFM@ 0000000140020ab0     arcinit.obj
 0001:0001fac0       ??_C@_0L@NIPCGJOG@DPCAllowed?$AA@FNODOBFM@ 0000000140020ac0     arcinit.obj
 0001:0001fad0       ??_C@_09CHINNNMJ@CSMI?$DNNone?$AA@FNODOBFM@ 0000000140020ad0     arcinit.obj
 0001:0001fae0       ??_C@_0BA@BKKNJKOP@CSMI?$DNRestricted?$AA@FNODOBFM@ 0000000140020ae0     arcinit.obj
 0001:0001faf0       ??_C@_09PKBPEONE@CSMI?$DNFull?$AA@FNODOBFM@ 0000000140020af0     arcinit.obj
 0001:0001fb00       ??_C@_0CJ@JHBMKCEI@leaving?5FindAdapter?5?9?5PCI?5Id?5not@FNODOBFM@ 0000000140020b00     arcinit.obj
 0001:0001fb30       ??_C@_0CL@HDBMPJMP@?$CK?5leaving?5FindAdapter?5?9?5PCI?5Id?5n@FNODOBFM@ 0000000140020b30     arcinit.obj
 0001:0001fb60       ??_C@_0CH@LNPKNDMP@Rx?3?5BAR0?5Range?50x?$CFlx?5MappedSize?5@FNODOBFM@ 0000000140020b60     arcinit.obj
 0001:0001fb90       ??_C@_0DF@OFCBAPFL@leaving?5FindAdapter?5?9?5fail?5mappi@FNODOBFM@ 0000000140020b90     arcinit.obj
 0001:0001fbd0       ??_C@_0DH@MNDLADLD@?$CK?5leaving?5FindAdapter?5?9?5fail?5map@FNODOBFM@ 0000000140020bd0     arcinit.obj
 0001:0001fc10       ??_C@_0DC@NODBFDAD@leaving?5FindAdapter?5?9?5illegal?5FW@FNODOBFM@ 0000000140020c10     arcinit.obj
 0001:0001fc50       ??_C@_0EH@FLDBENFC@?$CK?5leaving?5FindAdapter?5?9?5illegal?5@FNODOBFM@ 0000000140020c50     arcinit.obj
 0001:0001fca0       ??_C@_0CK@GPLIPCCC@?$CK?5FULL?564?5BIT?5addressing?5support@FNODOBFM@ 0000000140020ca0     arcinit.obj
 0001:0001fcd0       ??_C@_0CD@NJEIKDOH@?$CK?5New?5outstanding?5number?5chose?3?$CF@FNODOBFM@ 0000000140020cd0     arcinit.obj
 0001:0001fd00       ??_C@_0CD@CCLGIJ@?$CK?5Old?5outstanding?5number?5chose?3?$CF@FNODOBFM@ 0000000140020d00     arcinit.obj
 0001:0001fd30       ??_C@_05JGHMLIKJ@devqd?$AA@FNODOBFM@ 0000000140020d30     arcinit.obj
 0001:0001fd40       ??_C@_0O@EPNNFPIH@?$CK?5DEV?5QD?3?5?$CFd?6?$AA@FNODOBFM@ 0000000140020d40     arcinit.obj
 0001:0001fd50       ??_C@_0N@OEGLNJCG@ioctlbufsize?$AA@FNODOBFM@ 0000000140020d50     arcinit.obj
 0001:0001fd60       ??_C@_0CI@LFOBEGIG@?$CK?5This?5is?564?9bit?5Vista?5or?5Longho@FNODOBFM@ 0000000140020d60     arcinit.obj
 0001:0001fd90       ??_C@_0DB@NLEKMFMO@?$CK?5This?5is?532?9bit?5WS03?5R2?0?5Vista?5@FNODOBFM@ 0000000140020d90     arcinit.obj
 0001:0001fdd0       ??_C@_0CA@DJAEOOFI@?$CK?5This?5is?564?9bit?5WS03?5SP1?5?4?4?4?5?6?$AA@FNODOBFM@ 0000000140020dd0     arcinit.obj
 0001:0001fdf0       ??_C@_0CA@IELABMFO@?$CK?5This?5is?532?9bit?5WS03?5SP1?5?4?4?4?5?6?$AA@FNODOBFM@ 0000000140020df0     arcinit.obj
 0001:0001fe10       ??_C@_0CA@MNGBKCLD@?$CK?5This?5is?532?9bit?5WS03?5RTM?5?4?4?4?5?6?$AA@FNODOBFM@ 0000000140020e10     arcinit.obj
 0001:0001fe30       ??_C@_0BL@FPDNGGII@?$CK?5Adapter?5is?5in?5poll?5mode?6?$AA@FNODOBFM@ 0000000140020e30     arcinit.obj
 0001:0001fe50       ??_C@_0CO@NGAJFGIM@?$CK?5pDeviceExtension?9?$DONewCommInter@FNODOBFM@ 0000000140020e50     arcinit.obj
 0001:0001fe80       ??_C@_0CE@MCFGELJ@?$CK?5pDeviceExtension?9?$DOVendorId?3?50x@FNODOBFM@ 0000000140020e80     arcinit.obj
 0001:0001feb0       ??_C@_0CE@PNKCKBKJ@?$CK?5pDeviceExtension?9?$DODeviceId?3?50x@FNODOBFM@ 0000000140020eb0     arcinit.obj
 0001:0001fee0       ??_C@_0CH@NNKEKBEL@?$CK?5pDeviceExtension?9?$DOSubVendorId?3@FNODOBFM@ 0000000140020ee0     arcinit.obj
 0001:0001ff10       ??_C@_0CH@BEBMHIHH@?$CK?5pDeviceExtension?9?$DOSubSystemId?3@FNODOBFM@ 0000000140020f10     arcinit.obj
 0001:0001ff40       ??_C@_0CB@ELGCJIGA@?$CK?5Uncached?5Memory?5address?3?50x?$CFp?6@FNODOBFM@ 0000000140020f40     arcinit.obj
 0001:0001ff70       ??_C@_0CH@CKCEEBMD@?$CK?5Uncached?5Memory?5allocated?3?50x?$CF@FNODOBFM@ 0000000140020f70     arcinit.obj
 0001:0001ffa0       ??_C@_0DK@INJPNBCP@?$CK?5MailBox?51?3?$CFx?0?5MailBox?52?3?$CFx?0?5Ma@FNODOBFM@ 0000000140020fa0     arcinit.obj
 0001:0001ffe0       ??_C@_0DB@DBAPOAM@?$CK?5pDeviceExtension?9?$DOMaxOutstandi@FNODOBFM@ 0000000140020fe0     arcinit.obj
 0001:00020020       ??_C@_0DF@CKKIGFIG@?$CK?5pDeviceExtension?9?$DOMaxMSIXVecto@FNODOBFM@ 0000000140021020     arcinit.obj
 0001:00020060       ??_C@_0M@EHMNKBMA@forcev8tov7?$AA@FNODOBFM@ 0000000140021060     arcinit.obj
 0001:00020070       ??_C@_0CA@HGCPDEFI@?$CK?5SupportV8InitStruct?5Flag?3?5?$CFd?6?$AA@FNODOBFM@ 0000000140021070     arcinit.obj
 0001:00020090       ??_C@_0BA@EOIIECBM@loopbacklatency?$AA@FNODOBFM@ 0000000140021090     arcinit.obj
 0001:000200a0       ??_C@_0BC@BDCJEMN@?$CK?5FORCE?5INTX?3?5?$CFd?6?$AA@FNODOBFM@ 00000001400210a0     arcinit.obj
 0001:000200c0       ??_C@_0BF@FJIEGFMA@?$CK?5FORCE?5POLLING?3?5?$CFd?6?$AA@FNODOBFM@ 00000001400210c0     arcinit.obj
 0001:000200e0       ??_C@_0CN@OMCAJNOM@?$CK?5?$DN?$DN?$DN?$DN?$DN?$DN?$DO?5Front?5Vector?5Number?5is@FNODOBFM@ 00000001400210e0     arcinit.obj
 0001:00020110       ??_C@_0CI@BJJEDHMG@?$CK?5pDeviceExtension?9?$DOVectorCapaci@FNODOBFM@ 0000000140021110     arcinit.obj
 0001:00020140       ??_C@_0DE@JJAKLEJD@?$CK?5pDeviceExtension?9?$DOMSIXIoThrott@FNODOBFM@ 0000000140021140     arcinit.obj
 0001:00020180       ??_C@_0DF@LMKAIIEG@?$CK?5pDeviceExtension?9?$DOMSIXIoThrott@FNODOBFM@ 0000000140021180     arcinit.obj
 0001:000201c0       ??_C@_0BK@NKHDFADJ@?$CK?5CPU?5Group?5number?5is?5?$CFd?6?$AA@FNODOBFM@ 00000001400211c0     arcinit.obj
 0001:000201e0       ??_C@_0BJ@OBKJCBPL@?$CK?5CPU?5Node?5number?5is?5?$CFd?6?$AA@FNODOBFM@ 00000001400211e0     arcinit.obj
 0001:00020200       ??_C@_0BI@KNCDOCH@?$CK?5Node?5per?5Group?5is?5?$CFd?6?$AA@FNODOBFM@ 0000000140021200     arcinit.obj
 0001:00020220       ??_C@_0BH@FMFCFLGH@?$CK?5Core?5per?5Node?5is?5?$CFd?6?$AA@FNODOBFM@ 0000000140021220     arcinit.obj
 0001:00020240       ??_C@_0CB@HDFPBACC@?$CK?5System?5processor?5number?5is?5?$CFd?6@FNODOBFM@ 0000000140021240     arcinit.obj
 0001:00020270       ??_C@_0CI@EOOKBOFL@?$CK?5?$DN?$DN?$DN?$DN?$DN?$DN?$DO?5End?5of?5Front?5summary?5?$DM@FNODOBFM@ 0000000140021270     arcinit.obj
 0001:000202a0       ??_C@_0DE@FBKNPKIG@?$CK?5?$DN?$DN?$DN?$DN?$DN?$DN?$DO?5inside?5finalizing?5vect@FNODOBFM@ 00000001400212a0     arcinit.obj
 0001:000202e0       ??_C@_06DCBAGJIF@vecnum?$AA@FNODOBFM@ 00000001400212e0     arcinit.obj
 0001:000202f0       ??_C@_0EB@PLAOEAEF@?$CK?5Valid_MSIX_Vectors?5is?5reset?5to@FNODOBFM@ 00000001400212f0     arcinit.obj
 0001:00020340       ??_C@_0CN@KPEBIFEO@?$CK?5?$DN?$DN?$DN?$DN?$DN?$DN?$DO?5Final?5Vector?5Number?5is@FNODOBFM@ 0000000140021340     arcinit.obj
 0001:00020370       ??_C@_0CC@CEGCGDDK@?$CK?5?$DN?$DN?$DN?$DN?$DN?$DN?$DO?5End?5of?5summary?5?$DM?$DN?$DN?$DN?$DN?$DN?$DN@FNODOBFM@ 0000000140021370     arcinit.obj
 0001:000203a0       ??_C@_0EC@KMMHNEKL@?$CK?5ConfigInfo?9?$DOHwMSInterruptRouti@FNODOBFM@ 00000001400213a0     arcinit.obj
 0001:000203f0       ??_C@_0BH@CDLDBOJF@?$CK?5SrbExtensionSize?3?$CFx?6?$AA@FNODOBFM@ 00000001400213f0     arcinit.obj
 0001:00020410       ??_C@_0EK@GNODIBNL@?$CK?5MiniARC?5Interface?5?9?5?5CommandSi@FNODOBFM@ 0000000140021410     arcinit.obj
 0001:00020460       ??_C@_0EL@HJMLPDNI@?$CK?5New?5Comm?5Interface?5?9?5?5CommandS@FNODOBFM@ 0000000140021460     arcinit.obj
 0001:000204b0       ??_C@_0CM@NKHNJDEG@leaving?5FindAdapter?5?9?5fail?5initi@FNODOBFM@ 00000001400214b0     arcinit.obj
 0001:000204e0       ??_C@_0CO@GHEIBKDI@?$CK?5leaving?5FindAdapter?5?9?5fail?5ini@FNODOBFM@ 00000001400214e0     arcinit.obj
 0001:00020510       ??_C@_1EA@GNKDGDHK@?$AAA?$AAd?$AAa?$AAp?$AAt?$AAe?$AAr?$AA?5?$AAg?$AAo?$AAt?$AA?5?$AAi?$AAn?$AAv?$AAa?$AAl?$AAi?$AAd?$AA?5?$AAh?$AAo?$AAs?$AAt?$AA?5?$AAw?$AAi?$AAn?$AAd?$AAo?$AAw?$AA?$AA@FNODOBFM@ 0000000140021510     arcinit.obj
 0001:00020550       ??_C@_1EI@NELDFHEH@?$AAA?$AAd?$AAa?$AAp?$AAt?$AAe?$AAr?$AA?5?$AAd?$AAo?$AAe?$AAs?$AA?5?$AAn?$AAo?$AAt?$AA?5?$AAs?$AAu?$AAp?$AAp?$AAo?$AAr?$AAt?$AA?5?$AA4?$AAG?$AAB?$AA?5?$AAw?$AAi?$AAn@FNODOBFM@ 0000000140021550     arcinit.obj
 0001:000205a0       ??_C@_0DC@BFHJHJOO@?$CK?5fail?5SynFibCT_SET_MINIARC_HOST@FNODOBFM@ 00000001400215a0     arcinit.obj
 0001:000205e0       ??_C@_0DF@KABMIJBB@?$CK?5RequestSupplementAdapterInfo?0?5@FNODOBFM@ 00000001400215e0     arcinit.obj
 0001:00020620       ??_C@_0CE@IADADNNA@?$CK?5Use?5MU?5Register?5for?5IOP_Reset?4@FNODOBFM@ 0000000140021620     arcinit.obj
 0001:00020650       ??_C@_0CJ@LHHNJCHI@?$CK?5Use?5inbound?5doorbell?5for?5IOP_R@FNODOBFM@ 0000000140021650     arcinit.obj
 0001:00020680       ??_C@_0DI@LGINDMLA@?$CK?5ERROR?3?5FW?5does?5not?5provide?5whi@FNODOBFM@ 0000000140021680     arcinit.obj
 0001:000206c0       ??_C@_0BP@DJKPJIGJ@?$CK?5Ignore_IOP_Reset?5is?5set?5?4?4?4?6?$AA@FNODOBFM@ 00000001400216c0     arcinit.obj
 0001:000206e0       ??_C@_0CK@LEDHDPPJ@?$CK?5Disk?5Power?5Management?5is?5suppo@FNODOBFM@ 00000001400216e0     arcinit.obj
 0001:00020710       ??_C@_0CJ@PJOACPGJ@?$CK?5This?5firmware?5supports?5fast?5JB@FNODOBFM@ 0000000140021710     arcinit.obj
 0001:00020740       ??_C@_0DB@HEHLEMPI@?$CK?5Controller?5Firmware?5supports?5S@FNODOBFM@ 0000000140021740     arcinit.obj
 0001:00020780       ??_C@_0CI@CJPAOACI@?$CK?5Controller?5Firmware?5supports?52@FNODOBFM@ 0000000140021780     arcinit.obj
 0001:000207b0       ??_C@_0BM@LNCHEOOO@?$CK?5Virtual?5B?1T?1L?5?$CI?$CFd?1?$CFd?1?$CFd?$CJ?6?$AA@FNODOBFM@ 00000001400217b0     arcinit.obj
 0001:000207d0       ??_C@_0DA@OBMGONKI@?$CK?5Driver?5got?5SUPPORTED_NATIVE_HB@FNODOBFM@ 00000001400217d0     arcinit.obj
 0001:00020800       ??_C@_0DI@GIKAIFLA@?$CK?5Driver?5did?5not?5get?5SUPPORTED_N@FNODOBFM@ 0000000140021800     arcinit.obj
 0001:00020840       ??_C@_0BH@LMHJIEKF@?$CK?5ExposeNonDASD?5is?5?$CFx?6?$AA@FNODOBFM@ 0000000140021840     arcinit.obj
 0001:00020860       ??_C@_0BB@JIKBMNNG@QueueDepthPerLun?$AA@FNODOBFM@ 0000000140021860     arcinit.obj
 0001:00020880       ??_C@_0N@GDDJMKFE@PauseIOLimit?$AA@FNODOBFM@ 0000000140021880     arcinit.obj
 0001:00020890       ??_C@_0O@LIIBGGCF@ResumeIOLimit?$AA@FNODOBFM@ 0000000140021890     arcinit.obj
 0001:000208a0       ??_C@_0O@OKMDGJBG@ConvertSGList?$AA@FNODOBFM@ 00000001400218a0     arcinit.obj
 0001:000208b0       ??_C@_0BE@IIJOOEPG@QueueStartThreshold?$AA@FNODOBFM@ 00000001400218b0     arcinit.obj
 0001:000208d0       ??_C@_0BD@CEDPKLI@QueueDumpThreshold?$AA@FNODOBFM@ 00000001400218d0     arcinit.obj
 0001:000208f0       ??_C@_0BA@NLIGFJMK@MaxIoSizeQueued?$AA@FNODOBFM@ 00000001400218f0     arcinit.obj
 0001:00020900       ??_C@_0N@MLHJOFDC@QueueAllowed?$AA@FNODOBFM@ 0000000140021900     arcinit.obj
 0001:00020910       ??_C@_0BC@IEBJFOIJ@FlushSizeInBlocks?$AA@FNODOBFM@ 0000000140021910     arcinit.obj
 0001:00020930       ??_C@_0EA@OJJGPBKL@leaving?5FindAdapter?5?9?5fail?5Handl@FNODOBFM@ 0000000140021930     arcinit.obj
 0001:00020970       ??_C@_0EC@HNCBOCML@?$CK?5leaving?5FindAdapter?5?9?5fail?5Han@FNODOBFM@ 0000000140021970     arcinit.obj
 0001:000209c0       ??_C@_09NBOIBGGK@EnableWMI?$AA@FNODOBFM@ 00000001400219c0     arcinit.obj
 0001:000209d0       ??_C@_0DH@OIMAJCMK@?$CK?5?9?5Driver?5version?5?$CFs?0?5adapter?5n@FNODOBFM@ 00000001400219d0     arcinit.obj
 0001:00020a10       ??_C@_0DF@NGIHOECA@?$CK?5?9?5Size?5of?5HwDevExt?$DN0x?$CFx?4?5Size?5@FNODOBFM@ 0000000140021a10     arcinit.obj
 0001:00020a50       ??_C@_0IC@BPBMMOAO@?$CK?5?9?5Size?$CISrbExt?$CJ?$DN0x?$CFx?4?5sizeof?$CIFI@FNODOBFM@ 0000000140021a50     arcinit.obj
 0001:00020ae0       ??_C@_0CA@ENCHFGMA@?$CK?5?9?5reported?5Size?$CISrbExt?$CJ?$DN0x?$CFx?6?$AA@FNODOBFM@ 0000000140021ae0     arcinit.obj
 0001:00020b00       ??_C@_0BG@JAEBOKND@?$CK?5?9?5Done?5FindAdapter?6?$AA@FNODOBFM@ 0000000140021b00     arcinit.obj
 0001:00020b20       ??_C@_0FF@LMEIGAGF@?$CK?5?9?5ConfigInfo?9?$DOMaximumTransferL@FNODOBFM@ 0000000140021b20     arcinit.obj
 0001:00020b80       ??_C@_0CG@GOHAMHPA@leaving?5FindAdapter?5?9?5adapter?5fo@FNODOBFM@ 0000000140021b80     arcinit.obj
 0001:00020bb0       ??_C@_0BN@DGMFEGDN@entering?5GetElapsedSeconds?5?6?$AA@FNODOBFM@ 0000000140021bb0     arcinit.obj
 0001:00020bd0       ??_C@_0DD@GOLHMOHG@leaving?5GetElapsedSeconds?5?9?5seco@FNODOBFM@ 0000000140021bd0     arcinit.obj
 0001:00020c10       ??_C@_0CJ@KCPJKGH@entering?5IsAdapterReadyForConfig@FNODOBFM@ 0000000140021c10     arcinit.obj
 0001:00020c40       ??_C@_0DB@PNDBFHEI@IsAdapterReadyForConfigCommand?3?5@FNODOBFM@ 0000000140021c40     arcinit.obj
 0001:00020c80       ??_C@_0CH@PFKKGKLP@IsAdapterReadyForConfigCommand?3?5@FNODOBFM@ 0000000140021c80     arcinit.obj
 0001:00020cb0       ??_C@_0DJ@FMKIDFML@?$CK?5leaving?5IsAdapterReadyForConfi@FNODOBFM@ 0000000140021cb0     arcinit.obj
 0001:00020cf0       ??_C@_0CI@LLJGECEO@leaving?5IsAdapterReadyForConfigC@FNODOBFM@ 0000000140021cf0     arcinit.obj
 0001:00020d20       ??_C@_0BD@LJONEFCN@entering?5IOPReset?6?$AA@FNODOBFM@ 0000000140021d20     arcinit.obj
 0001:00020d40       ??_C@_0EN@CPGMGMBD@?$CK?$CK?5Fail?5to?5iopreset?5the?5adapter?5@FNODOBFM@ 0000000140021d40     arcinit.obj
 0001:00020d90       ??_C@_0GF@NGDIBMBA@?$CK?5Driver?5has?5been?5waiting?55?5seco@FNODOBFM@ 0000000140021d90     arcinit.obj
 0001:00020e00       ??_C@_1CG@OOCCJMGE@?$AAI?$AAO?$AAP?$AA?5?$AAR?$AAE?$AAS?$AAE?$AAT?$AA?5?$AAd?$AAi?$AAs?$AAa?$AAb?$AAl?$AAe?$AAd?$AA?$AA@FNODOBFM@ 0000000140021e00     arcinit.obj
 0001:00020e30       ??_C@_1CC@HLNFBNCO@?$AAI?$AAO?$AAP?$AA?5?$AAR?$AAE?$AAS?$AAE?$AAT?$AA?5?$AAf?$AAa?$AAi?$AAl?$AAe?$AAd?$AA?$AA@FNODOBFM@ 0000000140021e30     arcinit.obj
 0001:00020e60       ??_C@_0DE@GCJLBNBN@?$CK?$CK?5Fail?5to?5iopreset?5the?5adapter?0@FNODOBFM@ 0000000140021e60     arcinit.obj
 0001:00020ea0       ??_C@_0BI@DKKBLGKC@?$CK?$CK?5IOPReset?5succeeded?4?6?$AA@FNODOBFM@ 0000000140021ea0     arcinit.obj
 0001:00020ec0       ??_C@_0DG@MCABGJKN@Driver?5should?5not?5work?5under?5MSI@FNODOBFM@ 0000000140021ec0     arcinit.obj
 0001:00020f00       ??_C@_0DE@DDNIODIO@?$CK?5Set?5pInitStruct?9?$DONoOfMsiVector@FNODOBFM@ 0000000140021f00     arcinit.obj
 0001:00020f40       ??_C@_0BC@JKJGEENA@leaving?5IOPReset?6?$AA@FNODOBFM@ 0000000140021f40     arcinit.obj
 0001:00020f60       ??_C@_0HE@MJKNAGNA@?$CK?$CK?5Fib2?5sent?560?5seconds?5ago?3?5B?1T@FNODOBFM@ 0000000140021f60     arcinit.obj
 0001:00020fe0       ??_C@_0HE@MLFEGAEP@?$CK?$CK?5Fib1?5sent?560?5seconds?5ago?3?5B?1T@FNODOBFM@ 0000000140021fe0     arcinit.obj
 0001:00021060       ??_C@_0EB@NJFNJFPK@?$CK?$CK?5Driver?5internal?5AIF?5FIB?5has?5n@FNODOBFM@ 0000000140022060     arcinit.obj
 0001:000210b0       ??_C@_0EN@EHHFOLPM@?$CK?$CK?5returned?5?$CFd?5SRB?5to?5OS?5at?5Retu@FNODOBFM@ 00000001400220b0     arcinit.obj
 0001:00021100       ??_C@_0EB@JKABANOB@?$CK?$CK?5Returned?5?$CFd?5SRB?5to?5OS?5at?5Retu@FNODOBFM@ 0000000140022100     arcinit.obj
 0001:00021150       ??_C@_0BK@OLLEIHIC@?$CK?5Switching?5to?5MSIx?5mode?6?$AA@FNODOBFM@ 0000000140022150     arcinit.obj
 0001:00021170       ??_C@_0BA@EAOKKBLN@?$CK?5MSIx?5Enabled?6?$AA@FNODOBFM@ 0000000140022170     arcinit.obj
 0001:00021180       ??_C@_0EB@JEEKIEDM@?$CK?5Set?5pInitStruct?9?$DONoOfMsiVector@FNODOBFM@ 0000000140022180     arcinit.obj
 0001:000211d0       ??_C@_0EA@DFHNCIMC@?$CK?5Set?5pInitStruct?9?$DONoOfMsiVector@FNODOBFM@ 00000001400221d0     arcinit.obj
 0001:00021210       ??_C@_0FP@EFJPBKEO@?$CK?5Valid?5Vector?$CI?$CFd?$CJ?0?5msix?5capabil@FNODOBFM@ 0000000140022210     arcinit.obj
 0001:00021270       ??_C@_0CE@KCFAPPCO@?$CK?5Coalescing?5Disabled?5in?5INTx?5Mo@FNODOBFM@ 0000000140022270     arcinit.obj
 0001:000212a0       ??_C@_0BE@OKKJEBLK@?$CK?5MSIX?5NOT?5Enabled?6?$AA@FNODOBFM@ 00000001400222a0     arcinit.obj
 0001:000212c0       ??_C@_0DJ@NFBMPICJ@?$CK?5Thor?5V8?5INIT?5structure?5sent?5su@FNODOBFM@ 00000001400222c0     arcinit.obj
 0001:00021300       ??_C@_0DK@LLCEGMEJ@?$CK?5NON?9Thor?5INIT?5structure?5sent?5s@FNODOBFM@ 0000000140022300     arcinit.obj
 0001:00021340       ??_C@_0DE@DCIDKABN@?$CK?5V8?5INIT?5structure?5sent?5success@FNODOBFM@ 0000000140022340     arcinit.obj
 0001:00021380       ??_C@_0DI@LJKDAFIG@?$CK?5NON?9V8?5INIT?5structure?5sent?5suc@FNODOBFM@ 0000000140022380     arcinit.obj
 0001:000213c0       ??_C@_0ED@LLOJEJPI@leaving?5HandleAdapterGetConfig?5a@FNODOBFM@ 00000001400223c0     arcinit.obj
 0001:00021410       ??_C@_0EF@MHNEOFPB@?$CK?5leaving?5HandleAdapterGetConfig@FNODOBFM@ 0000000140022410     arcinit.obj
 0001:00021460       ??_C@_0DP@PECHNPGJ@leaving?5HandleAdapterGetConfig?5a@FNODOBFM@ 0000000140022460     arcinit.obj
 0001:000214a0       ??_C@_0EB@CHAPDLOA@?$CK?5leaving?5HandleAdapterGetConfig@FNODOBFM@ 00000001400224a0     arcinit.obj
 0001:000214f0       ??_C@_0EC@JNDOKFCE@leaving?5HandleAdapterCommitConfi@FNODOBFM@ 00000001400224f0     arcinit.obj
 0001:00021540       ??_C@_0EE@HMHNBLOK@?$CK?5leaving?5HandleAdapterCommitCon@FNODOBFM@ 0000000140022540     arcinit.obj
 0001:00021590       ??_C@_0CE@FDDAIENL@entering?5HandleAdapterConfigIssu@FNODOBFM@ 0000000140022590     arcinit.obj
 0001:000215c0       ??_C@_0EG@EOLGKFDM@leaving?5HandleAdapterConfigIssue@FNODOBFM@ 00000001400225c0     arcinit.obj
 0001:00021610       ??_C@_0EI@BLLNCBDL@?$CK?5leaving?5HandleAdapterConfigIss@FNODOBFM@ 0000000140022610     arcinit.obj
 0001:00021660       ??_C@_0EC@KFDDDOGD@leaving?5HandleAdapterConfigIssue@FNODOBFM@ 0000000140022660     arcinit.obj
 0001:000216b0       ??_C@_0EE@EEHAIAKN@?$CK?5leaving?5HandleAdapterConfigIss@FNODOBFM@ 00000001400226b0     arcinit.obj
 0001:00021700       ??_C@_0EC@EGKDAAOP@leaving?5HandleAdapterConfigIssue@FNODOBFM@ 0000000140022700     arcinit.obj
 0001:00021750       ??_C@_0EE@KHOALOCB@?$CK?5leaving?5HandleAdapterConfigIss@FNODOBFM@ 0000000140022750     arcinit.obj
 0001:000217a0       ??_C@_0CD@FIHDJCJC@leaving?5HandleAdapterConfigIssue@FNODOBFM@ 00000001400227a0     arcinit.obj
 0001:000217d0       ??_C@_0BK@LNIBADPE@?$CK?5Setting?5StatusBatching?6?$AA@FNODOBFM@ 00000001400227d0     arcinit.obj
 0001:000217f0       ??_C@_0EF@JDALIICL@?$CK?5Firmware?5should?5support?5ACI2?5i@FNODOBFM@ 00000001400227f0     arcinit.obj
 0001:00021840       ??_C@_0CB@DDHFLEBF@?$CK?5FW?5sets?5KERNEL_UP_AND_RUNNING?6@FNODOBFM@ 0000000140022840     arcinit.obj
 0001:00021870       ??_C@_0CC@HECBNNJJ@?$CK?5FW?5is?5ready?5for?5config?5command@FNODOBFM@ 0000000140022870     arcinit.obj
 0001:000218a0       ??_C@_0BJ@GODFBPEB@?$CK?5Get?5config?5from?5FW?5ok?6?$AA@FNODOBFM@ 00000001400228a0     arcinit.obj
 0001:000218c0       ??_C@_0BK@PANMBLHC@?$CK?5Commit?5config?5to?5FW?5ok?6?$AA@FNODOBFM@ 00000001400228c0     arcinit.obj
 0001:000218e0       ??_C@_0CA@BDIKNGAL@?$CK?5INIT?5Structure?5sent?5to?5FW?5ok?6?$AA@FNODOBFM@ 00000001400228e0     arcinit.obj
 0001:00021900       ??_C@_0BK@HCHBCLAI@?$CK?5Get?5FW?5debug?5buffer?5ok?6?$AA@FNODOBFM@ 0000000140022900     arcinit.obj
 0001:00021920       ??_C@_0EE@GNMBAHCA@?$CK?5Get?5FW?5debug?5buffer?5failed?0?5bu@FNODOBFM@ 0000000140022920     arcinit.obj
 0001:00021970       ??_C@_0BH@FLOGONBD@?$CK?5?9?5Driver?5version?5?$CFs?6?$AA@FNODOBFM@ 0000000140022970     arcinit.obj
 0001:00021990       ??_C@_0DN@NNHBAELD@SMNormalModeInitAdapter?3?5Soft?5Re@FNODOBFM@ 0000000140022990     arcinit.obj
 0001:000219d0       ??_C@_0BO@IEENCLHE@entering?5HwInitializeAdapter?6?$AA@FNODOBFM@ 00000001400229d0     arcinit.obj
 0001:000219f0       ??_C@_1CA@OFEHMOBK@?$AAB?$AAa?$AAd?$AA?5?$AAP?$AAo?$AAr?$AAt?$AA?5?$AAD?$AAr?$AAi?$AAv?$AAe?$AAr?$AA?$AA@FNODOBFM@ 00000001400229f0     arcinit.obj
 0001:00021a10       ??_C@_0FM@FIFECPG@?$CK?5pDeviceExtension?9?$DOValid_MSIX_V@FNODOBFM@ 0000000140022a10     arcinit.obj
 0001:00021a70       ??_C@_0EH@ONHPKJKD@?$CK?5StorPortGetMSIInfo?5returned?5Fa@FNODOBFM@ 0000000140022a70     arcinit.obj
 0001:00021ac0       ??_C@_0EC@KLPNNIKH@?$CK?5StorPortGetMSIInfo?5returned?5st@FNODOBFM@ 0000000140022ac0     arcinit.obj
 0001:00021b10       ??_C@_0EE@OLLCNNAO@?$CK?5StorPortGetMSIInfo?5returned?5st@FNODOBFM@ 0000000140022b10     arcinit.obj
 0001:00021b60       ??_C@_0EJ@OBPFJGIJ@?$CK?5StorPortGetMSIInfo?5returned?5st@FNODOBFM@ 0000000140022b60     arcinit.obj
 0001:00021bb0       ??_C@_0CF@FDBIIPFF@?$CK?5This?5Tupelo?5driver?5is?5MSI?5enab@FNODOBFM@ 0000000140022bb0     arcinit.obj
 0001:00021be0       ??_C@_0BO@FHHBMMGN@?$CK?5PerfConfigData?4Flags?3?50x?$CFx?6?$AA@FNODOBFM@ 0000000140022be0     arcinit.obj
 0001:00021c00       ??_C@_0FE@LBLIGLIO@GetDoorbellMaskForIOPReset?5retur@FNODOBFM@ 0000000140022c00     arcinit.obj
 0001:00021c60       ??_C@_0DN@IMFNPMPP@?$CK?5Failed?5to?5Initialize?5Adapter?5i@FNODOBFM@ 0000000140022c60     arcinit.obj
 0001:00021ca0       ??_C@_0DE@CMNGFMDL@?$CK?5Succeed?5to?5Initialize?5Adapter?5@FNODOBFM@ 0000000140022ca0     arcinit.obj
 0001:00021ce0       ??_C@_0EG@KGJBNOFG@?$CK?5Failed?5to?5Initialize?5Adapter?5i@FNODOBFM@ 0000000140022ce0     arcinit.obj
 0001:00021d30       ??_C@_0BP@MCCOMIEF@?$CK?5leaving?5HwInitializeAdapter?6?$AA@FNODOBFM@ 0000000140022d30     arcinit.obj
 0001:00021d50       ??_C@_0FN@OJHBJJGK@?$CK?5StorPortAllocateContiguousMemo@FNODOBFM@ 0000000140022d50     arcinit.obj
 0001:00021db0       ??_C@_0FD@MKBBGMOP@?$CK?5PROBLEM?3?5returnedSize?5?$DN?50?5?$CISto@FNODOBFM@ 0000000140022db0     arcinit.obj
 0001:00021e10       ??_C@_0IH@LCJNFDMG@?$CK?5StorPortAllocateContiguousMemo@FNODOBFM@ 0000000140022e10     arcinit.obj
 0001:00021ea0       ??_C@_0BI@BOGNCAIA@entering?5InitializeDPC?6?$AA@FNODOBFM@ 0000000140022ea0     arcinit.obj
 0001:00021ec0       ??_C@_0BL@ICGKMMAJ@?$CK?5Start?5scanning?5group?5?$CFd?6?$AA@FNODOBFM@ 0000000140022ec0     arcinit.obj
 0001:00021ee0       ??_C@_0CO@FDNLALKJ@?$CK?5Group?5Affinity?5for?5msix?5vector@FNODOBFM@ 0000000140022ee0     arcinit.obj
 0001:00021f10       ??_C@_0DA@FPNPLEPN@?$CK?5NUMA?5node?5for?5MSIX?5vector?5?$CFd?5i@FNODOBFM@ 0000000140022f10     arcinit.obj
 0001:00021f40       ??_C@_0DP@MAPFHEEH@?$CK?5Outbound?5Queue?5Memory?5allocate@FNODOBFM@ 0000000140022f40     arcinit.obj
 0001:00021f80       ??_C@_0CG@GFDFODNM@?$CK?5MemoryBlock?5?$CFd?5assigned?5in?5nod@FNODOBFM@ 0000000140022f80     arcinit.obj
 0001:00021fb0       ??_C@_0DG@CGCBEMEO@?$CK?5MSG?5CAP?5setup?5failed?5?$CIbecause?5@FNODOBFM@ 0000000140022fb0     arcinit.obj
 0001:00021ff0       ??_C@_0ED@CJAGENOE@?$CK?5we?5are?5processing?5last?5MSIX?5ve@FNODOBFM@ 0000000140022ff0     arcinit.obj
 0001:00022040       ??_C@_0HA@GKDMKHHO@?$CK?5we?5have?5a?5problem?4?5All?5groups?1@FNODOBFM@ 0000000140023040     arcinit.obj
 0001:000220b0       ??_C@_0FD@LFCJJKMC@?$CK?5StorPortGetLogicalProcessorRel@FNODOBFM@ 00000001400230b0     arcinit.obj
 0001:00022110       ??_C@_0BG@FAIHHGLA@?$CK?5Vector?5?$CFd?5is?5done?6?6?$AA@FNODOBFM@ 0000000140023110     arcinit.obj
 0001:00022130       ??_C@_0DJ@MGMHFMAN@?$CK?5Failed?5to?5Initialize?5Adapter?5i@FNODOBFM@ 0000000140023130     arcinit.obj
 0001:00022170       ??_C@_0DA@GDJCAINB@?$CK?5Succeed?5to?5Initialize?5Adapter?5@FNODOBFM@ 0000000140023170     arcinit.obj
 0001:000221a0       ??_C@_0BJ@CFFELFMJ@?$CK?5MSIx?5DPCs?5initialized?6?$AA@FNODOBFM@ 00000001400231a0     arcinit.obj
 0001:000221c0       ??_C@_0BI@LAPEOFCN@?$CK?5?9?5Done?5InitializeDPC?6?$AA@FNODOBFM@ 00000001400231c0     arcinit.obj
 0001:000221e0       ??_C@_0BH@PAHICDNJ@leaving?5InitializeDPC?6?$AA@FNODOBFM@ 00000001400231e0     arcinit.obj
 0001:00022200       ??_C@_0CP@OJKLKHLO@entering?5InitializeConsumerProdu@FNODOBFM@ 0000000140023200     arcinit.obj
 0001:00022230       ??_C@_0DE@MJJEGAKI@leaving?5InitializeConsumerProduc@FNODOBFM@ 0000000140023230     arcinit.obj
 0001:00022270       ??_C@_0CO@NEGLFCOP@leaving?5InitializeConsumerProduc@FNODOBFM@ 0000000140023270     arcinit.obj
 0001:000222a0       ??_C@_0CP@IKCNDLML@entering?5InitializeConsumerProdu@FNODOBFM@ 00000001400232a0     arcinit.obj
 0001:000222d0       ??_C@_0DF@IICIHNDP@leaving?5InitializeConsumerProduc@FNODOBFM@ 00000001400232d0     arcinit.obj
 0001:00022310       ??_C@_0DE@OBANPGHF@leaving?5InitializeConsumerProduc@FNODOBFM@ 0000000140023310     arcinit.obj
 0001:00022350       ??_C@_0CP@GDFIJJML@entering?5InitializeMessageUnitQu@FNODOBFM@ 0000000140023350     arcinit.obj
 0001:00022380       ??_C@_0DF@CLHHLLI@leaving?5InitializeMessageUnitQue@FNODOBFM@ 0000000140023380     arcinit.obj
 0001:000223c0       ??_C@_0DE@BBDIIBAC@leaving?5InitializeMessageUnitQue@FNODOBFM@ 00000001400233c0     arcinit.obj
 0001:00022400       ??_C@_0BI@PNFIHJKN@entering?5MapDeviceBase?6?$AA@FNODOBFM@ 0000000140023400     arcinit.obj
 0001:00022420       ??_C@_1CM@FGGDGCGC@?$AAA?$AAd?$AAa?$AAp?$AAt?$AAe?$AAr?$AA?5?$AAb?$AAo?$AAo?$AAt?$AA?5?$AAt?$AAi?$AAm?$AAe?$AA?5?$AAo?$AAu?$AAt?$AA?$AA@FNODOBFM@ 0000000140023420     arcinit.obj
 0001:00022450       ??_C@_0CO@NHBGNFPE@?$CK?5Driver?5got?564?5bit?5FIB?5support?5@FNODOBFM@ 0000000140023450     arcinit.obj
 0001:00022480       ??_C@_0DG@EECBHNEJ@?$CK?5Driver?5did?5not?5get?564?5bit?5FIB?5@FNODOBFM@ 0000000140023480     arcinit.obj
 0001:000224c0       ??_C@_0CB@MHHOKKDH@?$CK?5Smart?5Array?5Based?5FW?5detected?6@FNODOBFM@ 00000001400234c0     arcinit.obj
 0001:000224f0       ??_C@_0CG@INGLDPEA@?$CK?5This?5is?5NOT?5a?5Smart?5Array?5Base@FNODOBFM@ 00000001400234f0     arcinit.obj
 0001:00022520       ??_C@_0DL@HHJHAPNC@?$CK?5StorPortGetDeviceBase?5failed?0?5@FNODOBFM@ 0000000140023520     arcinit.obj
 0001:00022560       ??_C@_0FM@FAGAFMJI@?$CK?5StorPortGetDeviceBaseB1?5failed@FNODOBFM@ 0000000140023560     arcinit.obj
 0001:000225c0       ??_C@_0FM@DFFNMELK@?$CK?5StorPortGetDeviceBaseB0?5failed@FNODOBFM@ 00000001400235c0     arcinit.obj
 0001:00022620       ??_C@_0DH@GMHBCEJM@?$CK?5GET_MINIARC_PROPERTIES?5fails?0?5@FNODOBFM@ 0000000140023620     arcinit.obj
 0001:00022660       ??_C@_0CE@JIIGOPEA@?$CK?5This?5is?5a?5BEDROC?5inplementatio@FNODOBFM@ 0000000140023660     arcinit.obj
 0001:00022690       ??_C@_0CF@HKNELPOC@leaving?5MapDeviceBase?5?9?5rtnval?5?$DN@FNODOBFM@ 0000000140023690     arcinit.obj
 0001:000226c0       ??_C@_0BG@LOIMFNHP@entering?5MatchPciIds?6?$AA@FNODOBFM@ 00000001400236c0     arcinit.obj
 0001:000226e0       ??_C@_08HNOCAICB@Adaptec?5?$AA@FNODOBFM@ 00000001400236e0     arcinit.obj
 0001:000226f0       ??_C@_0CC@GEDCIDMJ@leaving?5MatchPciIds?0?5rtnval?5?$DN?5?$CFx@FNODOBFM@ 00000001400236f0     arcinit.obj
 0001:00022720       ??_C@_0DG@MJCHKBMN@?$CK?5Calling?5CompleteBufferedReques@FNODOBFM@ 0000000140023720     arcinit.obj
 0001:00022760       ??_C@_0HF@LDMKNKBL@?$CK?5Calling?5DequeueRawIoReadWriteR@FNODOBFM@ 0000000140023760     arcinit.obj
 0001:000227e0       ??_C@_0DO@HDLNLCMA@?$CK?5Calling?5CompleteAllSortingQueu@FNODOBFM@ 00000001400237e0     arcinit.obj
 0001:00022820       ??_C@_0CG@EHFONFB@ReturningLocalOutstandingRequest@FNODOBFM@ 0000000140023820     arcinit.obj
 0001:00022850       ??_C@_0CL@CGNJGHDF@?$CK?5?$CFd?5outstanding?5IO?5left?5after?5c@FNODOBFM@ 0000000140023850     arcinit.obj
 0001:00022880       ??_C@_0DI@FDADMONL@?$CK?5CleanHostSideRRQ?3?5Host?5RRQ?5cle@FNODOBFM@ 0000000140023880     arcinit.obj
 0001:000228c0       ??_C@_0CF@IKJOOFLA@?$CK?5ResetAdapter?3?5Entering?5Routine@FNODOBFM@ 00000001400238c0     arcinit.obj
 0001:000228f0       ??_C@_0FI@OABPGHMC@?$CK?5ResetAdapter?3?5FW?5is?5processing@FNODOBFM@ 00000001400238f0     arcinit.obj
 0001:00022950       ??_C@_0DK@DMNFFNOF@?$CK?5ResetAdapter?3?5OS?5calls?5ResetAd@FNODOBFM@ 0000000140023950     arcinit.obj
 0001:00022990       ??_C@_0CE@IFPMEIEL@?$CK?5ResetAdapter?3?5BlinLed?5Code?3?50x@FNODOBFM@ 0000000140023990     arcinit.obj
 0001:000229c0       ??_C@_1CE@ENBAPEOO@?$AAB?$AAl?$AAi?$AAn?$AAk?$AAL?$AAE?$AAD?$AA?5?$AAd?$AAe?$AAt?$AAe?$AAc?$AAt?$AAe?$AAd?$AA?$AA@FNODOBFM@ 00000001400239c0     arcinit.obj
 0001:000229f0       ??_C@_0CL@MJAGNJPB@?$CK?5ResetAdapter?3?5IOP?5RESET?5due?5to@FNODOBFM@ 00000001400239f0     arcinit.obj
 0001:00022a20       ??_C@_0DG@CLNGJPOA@?$CK?5ResetAdapter?3?5SendSynchFib?5fai@FNODOBFM@ 0000000140023a20     arcinit.obj
 0001:00022a60       ??_C@_0FF@JLPFKNGK@?$CK?5ResetAdapter?3?5There?5is?5a?5pendi@FNODOBFM@ 0000000140023a60     arcinit.obj
 0001:00022ac0       ??_C@_0EC@MMLNJELN@?$CK?5ResetAdapter?3?5set?5TriggerIOPRe@FNODOBFM@ 0000000140023ac0     arcinit.obj
 0001:00022b10       ??_C@_0EH@BGKKNIMJ@?$CK?5ResetAdapter?3?5synch?5command?5Re@FNODOBFM@ 0000000140023b10     arcinit.obj
 0001:00022b60       ??_C@_0EE@KPCKIKGP@?$CK?5ResetAdapter?3?5AdapterIsAlive?5r@FNODOBFM@ 0000000140023b60     arcinit.obj
 0001:00022bb0       ??_C@_0DN@OJOIDCGM@?$CK?5ResetAdapter?3?5leaving?5Routine?5@FNODOBFM@ 0000000140023bb0     arcinit.obj
 0001:00022bf0       ??_C@_0DN@MKLLHNDH@?$CK?5ResetAdapter?3?5IOP?5RESET?5due?5to@FNODOBFM@ 0000000140023bf0     arcinit.obj
 0001:00022c30       ??_C@_0FK@LPHHHNGK@?$CK?5ResetAdapter?3?5device?5on?5path?54@FNODOBFM@ 0000000140023c30     arcinit.obj
 0001:00022c90       ??_C@_0DC@DFLLLKCM@?$CK?5ResetAdapter?3?5IOP_RESET_FW_FIB@FNODOBFM@ 0000000140023c90     arcinit.obj
 0001:00022cd0       ??_C@_0EG@FKMCGCCN@?$CK?5ResetAdapter?3?5IOP?5RESET?5due?5to@FNODOBFM@ 0000000140023cd0     arcinit.obj
 0001:00022d20       ??_C@_0DE@IDNFNJBF@?$CK?5ResetAdapter?3?5NO?5lun?5reset?5cou@FNODOBFM@ 0000000140023d20     arcinit.obj
 0001:00022d60       ??_C@_0DM@KJNOMFJC@?$CK?5ResetAdapter?3?5leaving?5Routine?0@FNODOBFM@ 0000000140023d60     arcinit.obj
 0001:00022da0       ??_C@_0EK@OOPLAGOO@?$CK?5ResetAdapter?3?5set?5timer?5to?5che@FNODOBFM@ 0000000140023da0     arcinit.obj
 0001:00022df0       ??_C@_0DM@LMPLKKMJ@?$CK?5ResetAdapter?3?5leaving?5Routine?5@FNODOBFM@ 0000000140023df0     arcinit.obj
 0001:00022e30       ??_C@_0EJ@DNGMPOBO@?$CK?5ResetAdapter?3?5HWSoftReset?5leav@FNODOBFM@ 0000000140023e30     arcinit.obj
 0001:00022e80       ??_C@_0CJ@PCBCCJEM@?$DMHW?$DOTD?$AI?$AA?$AA?$AA?$AA?$AA?$AA?$AA?$AA?$AADW?$AA?$AADV?$BK?$AA?$AA?$AA?$AA?$AA?$AA?$AA?$AA?$AA@FNODOBFM@ 0000000140023e80     arcinit.obj
 0001:00022eb0       ??_C@_0BP@BFNIMKLC@?$CK?5SetFwTime?3?5Time?5sent?5failed?6?$AA@FNODOBFM@ 0000000140023eb0     arcinit.obj
 0001:00022ed0       ??_C@_0BL@IIHDOJJO@?$CK?5Time?3?5?$CFd?4?$CFd?4?$CFd?5?$CFd?3?$CFd?3?$CFd?6?$AA@FNODOBFM@ 0000000140023ed0     arcinit.obj
 0001:00022ef0       ??_C@_0BG@NCOEMLFM@?$CK?5Driver?5version?5?$CFs?5?6?$AA@FNODOBFM@ 0000000140023ef0     arcinit.obj
 0001:00022f10       ??_C@_0CF@KGAABJAP@?$CK?5SetFwTime?3?5Time?5sent?5successfu@FNODOBFM@ 0000000140023f10     arcinit.obj
 0001:00022f40       ??_C@_0DB@DBHKEEOM@?$CK?5SendWellnessCommand?3?5Wellness?5@FNODOBFM@ 0000000140023f40     arcinit.obj
 0001:00022f80       ??_C@_0DG@CHJDHKJC@?$CK?5SendWellnessCommand?3?5Wellness?5@FNODOBFM@ 0000000140023f80     arcinit.obj
 0001:00022fc0       ??_C@_0N@GDIDOMEJ@?$DMHW?$DOPS?$AC?$AA?$AA?$AAZZ?$AA@FNODOBFM@ 0000000140023fc0     arcinit.obj
 0001:00022fd0       ??_C@_0CM@KDDJKBII@?$CK?5SetPciSlotNumber?3?5Update?5PCI?5S@FNODOBFM@ 0000000140023fd0     arcinit.obj
 0001:00023000       ??_C@_0BL@CAAHKIPO@?$CK?5PCI?5Slot?5Number?5Set?5?$CFx?5?6?$AA@FNODOBFM@ 0000000140024000     arcinit.obj
 0001:00023020       ??_C@_0DB@KLKDBGPC@?$CK?5current?5ElapsedTime?5is?5?$CFx?4?5Dri@FNODOBFM@ 0000000140024020     arcinit.obj
 0001:00023060       ??_C@_0DN@BMDNNOBN@?$CK?5GetThorHbaPhyDevInfo?3?5synch?5FI@FNODOBFM@ 0000000140024060     arcinit.obj
 0001:000230a0       ??_C@_0FG@PNEDCHMO@?$CK?5one?5dual?5port?5entry?5?$CIB?1T?1nexus@FNODOBFM@ 00000001400240a0     arcinit.obj
 0001:00023100       ??_C@_0EM@BKPAJHPD@?$CK?5One?5entry?5?$CIB?1T?1nexus?3?5?$CFd?1?$CFd?10x@FNODOBFM@ 0000000140024100     arcinit.obj
 0001:00023150       ??_C@_0BI@NKGGGHHE@?$CK?5?$CFd?5HBA?5devices?5found?6?$AA@FNODOBFM@ 0000000140024150     arcinit.obj
 0001:00023170       ??_C@_0DD@PLCLGMJE@?$CK?5All?5HBA?5devices?8?5average?5Queue@FNODOBFM@ 0000000140024170     arcinit.obj
 0001:000231b0       ??_C@_0BF@GFOGGOIF@GetThorHbaPhyDevInfo?$AA@FNODOBFM@ 00000001400241b0     arcinit.obj
 0001:000231d0       ??_C@_0CL@OHPEFDNF@?$CK?5There?5is?5a?5synch?5SRB?5pending?0?5@FNODOBFM@ 00000001400241d0     arcinit.obj
 0001:00023200       ??_C@_0DJ@HDKNIPML@?$CK?5Not?5a?5Thor?5product?5OR?5virtual?5@FNODOBFM@ 0000000140024200     arcinit.obj
 0001:00023240       ??_C@_1FE@JLJHJCGF@?$AAA?$AAr?$AAr?$AAa?$AAy?$AA?5?$AAm?$AAi?$AAg?$AAr?$AAa?$AAt?$AAi?$AAo?$AAn?$AA?1?$AAe?$AAx?$AAp?$AAa?$AAn?$AAs?$AAi?$AAo?$AAn?$AA?5?$AAc?$AAo?$AAm?$AAp?$AAl?$AAe@FNODOBFM@ 0000000140024240     arcinit.obj
 0001:000232a0       ??_C@_1CK@DJNKNDAB@?$AAR?$AAa?$AAw?$AA?5?$AAD?$AAr?$AAi?$AAv?$AAe?$AA?5?$AAr?$AAe?$AAm?$AAo?$AAv?$AAe?$AAd?$AA?0?$AA?5?$AA?$CD?$AA?$AA@FNODOBFM@ 00000001400242a0     arcinit.obj
 0001:000232d0       ??_C@_1DG@JPPGPNNE@?$AAN?$AAa?$AAt?$AAi?$AAv?$AAe?$AA?5?$AAH?$AAB?$AAA?$AA?5?$AAd?$AAe?$AAv?$AAi?$AAc?$AAe?$AA?5?$AAi?$AAs?$AA?5?$AAa?$AAd?$AAd?$AAe?$AAd?$AA?$AA@FNODOBFM@ 00000001400242d0     arcinit.obj
 0001:00023310       ??_C@_1DK@DMPEAPAK@?$AAN?$AAa?$AAt?$AAi?$AAv?$AAe?$AA?5?$AAH?$AAB?$AAA?$AA?5?$AAd?$AAe?$AAv?$AAi?$AAc?$AAe?$AA?5?$AAi?$AAs?$AA?5?$AAr?$AAe?$AAm?$AAo?$AAv?$AAe?$AAd?$AA?$AA@FNODOBFM@ 0000000140024310     arcinit.obj
 0001:00023350       ??_C@_1EO@PNKAKFGH@?$AAH?$AAa?$AAr?$AAd?$AAw?$AAa?$AAr?$AAe?$AA?5?$AAn?$AAo?$AAt?$AA?5?$AAp?$AAr?$AAe?$AAs?$AAe?$AAn?$AAt?$AA?9?$AA?5?$AAB?$AAa?$AAc?$AAk?$AAu?$AAp?$AA?5?$AAn?$AAo?$AAt@FNODOBFM@ 0000000140024350     arcinit.obj
 0001:000233a0       ??_C@_1CI@IELPCEHF@?$AAS?$AAu?$AAp?$AAe?$AAr?$AAc?$AAa?$AAp?$AA?5?$AAh?$AAe?$AAa?$AAl?$AAt?$AAh?$AA?5?$AAl?$AAo?$AAw?$AA?$AA@FNODOBFM@ 00000001400243a0     arcinit.obj
 0001:000233d0       ??_C@_1CK@BAADJOPA@?$AAS?$AAu?$AAp?$AAe?$AAr?$AAc?$AAa?$AAp?$AA?5?$AAh?$AAe?$AAa?$AAl?$AAt?$AAh?$AA?5?$AA?5?$AAb?$AAa?$AAd?$AA?$AA@FNODOBFM@ 00000001400243d0     arcinit.obj
 0001:00023400       ??_C@_1CA@DNJAAJKJ@?$AAC?$AAa?$AAc?$AAh?$AAe?$AA?5?$AAd?$AAa?$AAt?$AAa?$AA?5?$AAl?$AAo?$AAs?$AAs?$AA?$AA@FNODOBFM@ 0000000140024400     arcinit.obj
 0001:00023420       ??_C@_1DG@KILEJPC@?$AAT?$AAe?$AAm?$AAp?$AAe?$AAr?$AAa?$AAt?$AAu?$AAr?$AAe?$AA?5?$AAB?$AAa?$AAc?$AAk?$AA?5?$AAt?$AAo?$AA?5?$AAN?$AAo?$AAr?$AAm?$AAa?$AAl?$AA?$AA@FNODOBFM@ 0000000140024420     arcinit.obj
 0001:00023460       ??_C@_1DG@IHOODPDN@?$AAS?$AAu?$AAp?$AAe?$AAr?$AAc?$AAa?$AAp?$AA?5?$AAT?$AAe?$AAm?$AAp?$AAe?$AAr?$AAa?$AAt?$AAu?$AAr?$AAe?$AA?5?$AAA?$AAl?$AAe?$AAr?$AAt?$AA?$AA@FNODOBFM@ 0000000140024460     arcinit.obj
 0001:000234a0       ??_C@_1DK@KKLIINGO@?$AAS?$AAu?$AAp?$AAe?$AAr?$AAc?$AAa?$AAp?$AA?5?$AAT?$AAe?$AAm?$AAp?$AAe?$AAr?$AAa?$AAt?$AAu?$AAr?$AAe?$AA?5?$AAW?$AAa?$AAr?$AAn?$AAi?$AAn?$AAg?$AA?$AA@FNODOBFM@ 00000001400244a0     arcinit.obj
 0001:000234e0       ??_C@_1DK@HENHBAOO@?$AAB?$AAa?$AAc?$AAk?$AAu?$AAp?$AA?5?$AAu?$AAn?$AAi?$AAt?$AA?5?$AAs?$AAe?$AAl?$AAf?$AA?9?$AAt?$AAe?$AAs?$AAt?$AA?5?$AAf?$AAa?$AAi?$AAl?$AAe?$AAd?$AA?$AA@FNODOBFM@ 00000001400244e0     arcinit.obj
 0001:00023520       ??_C@_1DK@GKIHJFEC@?$AAF?$AAa?$AAt?$AAa?$AAl?$AA?5?$AAE?$AAr?$AAr?$AAo?$AAr?$AA?3?$AA?5?$AAB?$AAa?$AAc?$AAk?$AAu?$AAp?$AA?5?$AAd?$AAi?$AAs?$AAa?$AAb?$AAl?$AAe?$AAd?$AA?$AA@FNODOBFM@ 0000000140024520     arcinit.obj
 0001:00023560       ??_C@_1CO@DFMHCOAI@?$AAL?$AAo?$AAg?$AAi?$AAc?$AAa?$AAl?$AA?5?$AAD?$AAr?$AAi?$AAv?$AAe?$AA?5?$AAa?$AAd?$AAd?$AAe?$AAd?$AA?0?$AA?5?$AA?$CD?$AA?$AA@FNODOBFM@ 0000000140024560     arcinit.obj
 0001:00023590       ??_C@_1DC@CMPCKFLI@?$AAL?$AAo?$AAg?$AAi?$AAc?$AAa?$AAl?$AA?5?$AAD?$AAr?$AAi?$AAv?$AAe?$AA?5?$AAd?$AAe?$AAl?$AAe?$AAt?$AAe?$AAd?$AA?0?$AA?5?$AA?$CD?$AA?$AA@FNODOBFM@ 0000000140024590     arcinit.obj
 0001:000235d0       ??_C@_1CI@JDGBIDGK@?$AAA?$AA?5?$AAn?$AAe?$AAw?$AA?5?$AAJ?$AAB?$AAO?$AAD?$AA?5?$AAi?$AAs?$AA?5?$AAa?$AAd?$AAd?$AAe?$AAd?$AA?$AA@FNODOBFM@ 00000001400245d0     arcinit.obj
 0001:00023600       ??_C@_1CE@CICPDMOD@?$AAA?$AA?5?$AAJ?$AAB?$AAO?$AAD?$AA?5?$AAi?$AAs?$AA?5?$AAd?$AAe?$AAl?$AAe?$AAt?$AAe?$AAd?$AA?$AA@FNODOBFM@ 0000000140024600     arcinit.obj
 0001:00023630       ??_C@_1EG@MMOHKHFO@?$AAC?$AAT?$AA_?$AAC?$AAO?$AAN?$AAF?$AAI?$AAG?$AA_?$AAS?$AAT?$AAA?$AAT?$AAU?$AAS?$AA_?$AAR?$AAE?$AAA?$AAD?$AAY?$AA?$CI?$AA?5?$AA?5?$AA?5?$AA?$CJ?$AA?5?$AAF?$AAa?$AAi?$AAl@FNODOBFM@ 0000000140024630     arcinit.obj
 0001:00023680       ??_C@_1EC@LINPOIBA@?$AAC?$AAT?$AA_?$AAG?$AAE?$AAT?$AA_?$AAC?$AAO?$AAN?$AAF?$AAI?$AAG?$AA_?$AAS?$AAT?$AAA?$AAT?$AAU?$AAS?$AA?$CI?$AA?5?$AA?5?$AA?5?$AA?$CJ?$AA?5?$AAF?$AAa?$AAi?$AAl?$AAe?$AAd@FNODOBFM@ 0000000140024680     arcinit.obj
 0001:000236d0       ??_C@_1DI@OLCGHNCB@?$AAC?$AAT?$AA_?$AAC?$AAO?$AAM?$AAM?$AAI?$AAT?$AA_?$AAC?$AAO?$AAN?$AAF?$AAI?$AAG?$AA?$CI?$AA?5?$AA?5?$AA?5?$AA?$CJ?$AAF?$AAa?$AAi?$AAl?$AAe?$AAd?$AA?$AA@FNODOBFM@ 00000001400246d0     arcinit.obj
 0001:00023710       ??_C@_1FA@NIJNEMHE@?$AAA?$AAD?$AAA?$AAP?$AAT?$AAE?$AAR?$AA_?$AAI?$AAN?$AAI?$AAT?$AA_?$AAS?$AAT?$AAR?$AAU?$AAC?$AAT?$AA_?$AAR?$AAE?$AAV?$AAI?$AAS?$AAI?$AAO?$AAN?$AA?$CI?$AA?5?$AA?5?$AA?$CJ@FNODOBFM@ 0000000140024710     arcinit.obj
 0001:00023760       ??_C@_1DM@EFGMNBLE@?$AAV?$AAM?$AA_?$AAC?$AAo?$AAn?$AAt?$AAa?$AAi?$AAn?$AAe?$AAr?$AAC?$AAo?$AAn?$AAf?$AAi?$AAg?$AA?$CI?$AA?5?$AA?5?$AA?$CJ?$AA?5?$AAF?$AAa?$AAi?$AAl?$AAe?$AAd?$AA?$AA@FNODOBFM@ 0000000140024760     arcinit.obj
 0001:000237a0       ??_C@_1DC@PCLINFGL@?$AAT?$AAi?$AAm?$AAe?$AAd?$AAo?$AAu?$AAt?$AA?0?$AA?5?$AAI?$AAn?$AAi?$AAt?$AA?5?$AAS?$AAt?$AAa?$AAg?$AAe?$AA?5?$AA?$CD?$AA?5?$AA?5?$AA?$AA@FNODOBFM@ 00000001400247a0     arcinit.obj
 0001:000237e0       ??_C@_1FE@PCKFJNFD@?$AAR?$AAe?$AAs?$AAe?$AAt?$AA?5?$AAf?$AAr?$AAo?$AAm?$AA?5?$AAO?$AAS?$AA?3?$AAp?$AAa?$AAt?$AAh?$AA?5?$AA?$CD?$AA?5?$AA?5?$AA?0?$AAo?$AAu?$AAt?$AAs?$AAt?$AAa?$AAn?$AAd?$AAi@FNODOBFM@ 00000001400247e0     arcinit.obj
 0001:00023840       ??_C@_1FC@CLHIPIHG@?$AAG?$AAo?$AAt?$AA?5?$AAL?$AAU?$AAN?$AA?5?$AAR?$AAE?$AAS?$AAE?$AAT?$AA?5?$AAf?$AAo?$AAr?$AA?5?$AAp?$AAa?$AAt?$AAh?$AA?5?$AA?$CD?$AA?5?$AA?5?$AA?0?$AA?5?$AAt?$AAa?$AAr?$AAg@FNODOBFM@ 0000000140024840     arcinit.obj
 0001:000238a0       ??_C@_1FI@HJHKOPPE@?$AAG?$AAo?$AAt?$AA?5?$AAT?$AAa?$AAr?$AAg?$AAe?$AAt?$AA?5?$AAR?$AAE?$AAS?$AAE?$AAT?$AA?5?$AAf?$AAo?$AAr?$AA?5?$AAp?$AAa?$AAt?$AAh?$AA?5?$AA?$CD?$AA?5?$AA?5?$AA?0?$AA?5?$AAt@FNODOBFM@ 00000001400248a0     arcinit.obj
 0001:00023900       ??_C@_1EC@DEFLMBHE@?$AAI?$AAO?$AAP?$AA?5?$AAR?$AAE?$AAS?$AAE?$AAT?$AA?5?$AAb?$AAe?$AAc?$AAa?$AAu?$AAs?$AAe?$AA?5?$AAo?$AAf?$AA?5?$AAF?$AAW?$AA?5?$AAB?$AAl?$AAi?$AAn?$AAk?$AAL?$AAE?$AAD@FNODOBFM@ 0000000140024900     arcinit.obj
 0001:00023950       ??_C@_1FA@GLBMBCFD@?$AAR?$AAe?$AAq?$AAu?$AAe?$AAs?$AAt?$AAA?$AAd?$AAa?$AAp?$AAt?$AAe?$AAr?$AAI?$AAn?$AAf?$AAo?$AA?5?$AAp?$AAe?$AAn?$AAd?$AAi?$AAn?$AAg?$AA?5?$AA?5?$AA?5?$AA?5?$AA?5?$AA?5@FNODOBFM@ 0000000140024950     arcinit.obj
 0001:000239a0       ??_C@_1EK@DPFNMDNI@?$AAI?$AAO?$AAP?$AAR?$AAE?$AAS?$AAE?$AAT?$AA?3?$AA?5?$AAR?$AAe?$AAq?$AAu?$AAe?$AAs?$AAt?$AAA?$AAd?$AAa?$AAp?$AAt?$AAe?$AAr?$AAI?$AAn?$AAf?$AAo?$AA?5?$AAt?$AAi?$AAm@FNODOBFM@ 00000001400249a0     arcinit.obj
 0001:000239f0       ??_C@_1EC@JONMGECF@?$AAR?$AAA?$AA?3?$AA?5?$AAA?$AAd?$AAa?$AAp?$AAt?$AAe?$AAr?$AAI?$AAs?$AAA?$AAl?$AAi?$AAv?$AAe?$AA?5?$AAr?$AAe?$AAt?$AAu?$AAr?$AAn?$AAs?$AA?5?$AAf?$AAa?$AAl?$AAs?$AAe@FNODOBFM@ 00000001400249f0     arcinit.obj
 0001:00023a40       ??_C@_1EA@KMCOFCE@?$AAI?$AAO?$AAP?$AA?5?$AAR?$AAE?$AAS?$AAE?$AAT?$AA?5?$AAf?$AAo?$AAr?$AA?5?$AAS?$AAm?$AAa?$AAr?$AAt?$AAH?$AAB?$AAA?$AA?5?$AAp?$AAa?$AAt?$AAh?$AA?5?$AA?$CD?$AA?5?$AA?5?$AA?$AA@FNODOBFM@ 0000000140024a40     arcinit.obj
 0001:00023a80       ??_C@_1EK@EBJJOFBF@?$AAR?$AAE?$AAS?$AAE?$AAT?$AA?$CI?$AAc?$AAn?$AAt?$AA?$DO?$AA?$DN?$AA5?$AA?$CJ?$AA?3?$AA?5?$AAp?$AAa?$AAt?$AAh?$AA?5?$AA?$CD?$AA?5?$AA?5?$AA?0?$AA?5?$AAt?$AAa?$AAr?$AAg?$AAe?$AAt?$AA?5@FNODOBFM@ 0000000140024a80     arcinit.obj
 0001:00023ad0       ??_C@_1DA@EFMGPIMG@?$AAS?$AAO?$AAF?$AAT?$AA?5?$AAR?$AAE?$AAS?$AAE?$AAT?$AA?5?$AAI?$AAs?$AAs?$AAu?$AAe?$AAd?$AA?5?$AAt?$AAo?$AA?5?$AAF?$AAW?$AA?$AA@FNODOBFM@ 0000000140024ad0     arcinit.obj
 0001:00023b00       ??_C@_1CO@GBDEAPLE@?$AAI?$AAO?$AAP?$AA?5?$AAR?$AAE?$AAS?$AAE?$AAT?$AA?5?$AAI?$AAs?$AAs?$AAu?$AAe?$AAd?$AA?5?$AAt?$AAo?$AA?5?$AAF?$AAW?$AA?$AA@FNODOBFM@ 0000000140024b00     arcinit.obj
 0001:00023b30       ??_C@_1EI@KMCCOKBI@?$AAF?$AAW?$AA?5?$AAK?$AAE?$AAR?$AAN?$AAE?$AAL?$AA?5?$AAP?$AAA?$AAN?$AAI?$AAC?$AA?5?$AAD?$AAe?$AAt?$AAe?$AAc?$AAt?$AAe?$AAd?$AA?0?$AA?5?$AAB?$AAL?$AAE?$AAD?$AA?5?$AA?$CD@FNODOBFM@ 0000000140024b30     arcinit.obj
 0001:00023b80       ??_C@_1EK@GGMELPLN@?$AAF?$AAW?$AA?5?$AAN?$AAo?$AAt?$AA?5?$AAU?$AAp?$AA?5?$AA?$CG?$AA?5?$AAR?$AAu?$AAn?$AAn?$AAi?$AAn?$AAg?$AA?0?$AA?5?$AAB?$AAL?$AAE?$AAD?$AA?5?$AA0?$AAx?$AA?5?$AA?5?$AA?5?$AA?5@FNODOBFM@ 0000000140024b80     arcinit.obj
 0001:00023bd0       ??_C@_0BG@HHGGAPDG@entering?5HWSoftReset?6?$AA@FNODOBFM@ 0000000140024bd0     arcinit.obj
 0001:00023bf0       ??_C@_0CB@CNHAMPIN@HwSoftReset?3?5Soft?5Reset?5Issued?4?6@FNODOBFM@ 0000000140024bf0     arcinit.obj
 0001:00023c20       ??_C@_0DJ@CBPNBDFH@?$CK?5Set?5pInitStruct?9?$DONoOfMsiVector@FNODOBFM@ 0000000140024c20     arcinit.obj
 0001:00023c60       ??_C@_0BG@FGBHCKJG@CompleteQueuedRequest?$AA@FNODOBFM@ 0000000140024c60     cmddelivery.obj
 0001:00023c80       ??_C@_0DM@OFFCECMD@IN?5?$CFs?0?5WE?5ARE?5SEEING?5AIF?5FIB?4?5DO@FNODOBFM@ 0000000140024c80     cmddelivery.obj
 0001:00023cc0       ??_C@_0L@ENAJINDB@Management?$AA@FNODOBFM@ 0000000140024cc0     cmddelivery.obj
 0001:00023cd0       ??_C@_0BB@JIADCMFJ@Array?5?5?5?5?5?5?5?5?5?5?5?$AA@FNODOBFM@ 0000000140024cd0     cmddelivery.obj
 0001:00023cf0       ??_C@_08BFDLJAAH@ADAPTEC?5?$AA@FNODOBFM@ 0000000140024cf0     cmddelivery.obj
 0001:00023d00       ??_C@_0BB@HJODFKJH@ARRAY?5?5?5?5?5?5?5?5?5?5?5?$AA@FNODOBFM@ 0000000140024d00     cmddelivery.obj
 0001:00023d20       ??_C@_0CB@IIENMBOI@?$CK?5Got?5an?5AIF?5in?5crash?5dump?5mode?6@FNODOBFM@ 0000000140024d20     cmddelivery.obj
 0001:00023d50       ??_C@_0DO@NPBDNHBG@?$CK?5Should?5not?5be?5here?0?5we?5should?5@FNODOBFM@ 0000000140024d50     cmddelivery.obj
 0001:00023d90       ??_C@_0CO@PDPAIINM@?$CK?5PollSmartHBAFIBCompletion?3?5wai@FNODOBFM@ 0000000140024d90     cmddelivery.obj
 0001:00023dc0       ??_C@_0FC@DFPAPIBO@?$CK?5?9?9?5SCSIOP_START_STOP_UNIT?3?5Pat@FNODOBFM@ 0000000140024dc0     cmddelivery.obj
 0001:00023e20       ??_C@_0CP@GPLNGCJB@?$CK?5?9?5Cannot?5start?1stop?5a?5unit?0?5er@FNODOBFM@ 0000000140024e20     cmddelivery.obj
 0001:00023e50       ??_C@_0FM@ENJACBOF@?$CK?5SCSIOP_SYNCHRONIZE_CACHE?$CICDM?$CJ?3@FNODOBFM@ 0000000140024e50     cmddelivery.obj
 0001:00023eb0       ??_C@_0GA@MEOEEOJH@?$CK?5SCSIOP_SYNCHRONIZE_CACHE?$CICDM?$CJ?3@FNODOBFM@ 0000000140024eb0     cmddelivery.obj
 0001:00023f10       ??_C@_0GF@HHOGHLFF@?$CK?5This?5should?5not?5happen?4?5Srb?5po@FNODOBFM@ 0000000140024f10     cmddelivery.obj
 0001:00023f80       ??_C@_0HI@CALKOMHC@?$CK?5SendSynchFib?3?5There?5is?5a?5pendi@FNODOBFM@ 0000000140024f80     cmddelivery.obj
 0001:00024000       ??_C@_0FM@IHOMFPBM@?$CK?5In?5StartIo?0?5FW?5is?5still?5NOT?5ba@FNODOBFM@ 0000000140025000     cmddelivery.obj
 0001:00024060       ??_C@_0CN@EPOHBMBH@?$CK?5path?5?$CFd?5target?5?$CFd?5reset?5counte@FNODOBFM@ 0000000140025060     cmddelivery.obj
 0001:00024090       ??_C@_0BP@PAHACOBL@?$CK?5Got?5path?5?$CFd?5target?5?$CFd?5reset?6?$AA@FNODOBFM@ 0000000140025090     cmddelivery.obj
[...]
 0004:00000300       $pdata$1$MainTimeThread    000000014002b300     timer.obj
 0004:0000030c       $pdata$2$MainTimeThread    000000014002b30c     timer.obj
 0004:00000318       $pdata$3$MainTimeThread    000000014002b318     timer.obj
 0004:00000324       $pdata$4$MainTimeThread    000000014002b324     timer.obj
 0004:00000330       $pdata$5$MainTimeThread    000000014002b330     timer.obj
 0004:0000033c       $pdata$RequestAif          000000014002b33c     timer.obj
 0004:00000348       $pdata$RequestTimer        000000014002b348     timer.obj
 0004:00000354       $pdata$Reset_IOP_CompletionTimer 000000014002b354     timer.obj
 0004:00000360       $pdata$RestartAdapterPendingTimer 000000014002b360     timer.obj
 0004:0000036c       $pdata$1$RestartAdapterPendingTimer 000000014002b36c     timer.obj
 0004:00000378       $pdata$2$RestartAdapterPendingTimer 000000014002b378     timer.obj
 0004:00000384       $pdata$3$RestartAdapterPendingTimer 000000014002b384     timer.obj
 0004:00000390       $pdata$ReturningKidnappedFibsToOS 000000014002b390     timer.obj
 0004:0000039c       $pdata$3$ReturningKidnappedFibsToOS 000000014002b39c     timer.obj
 0004:000003a8       $pdata$4$ReturningKidnappedFibsToOS 000000014002b3a8     timer.obj
 0004:000003b4       $pdata$StopTimer           000000014002b3b4     timer.obj
 0004:000003c0       $pdata$SynchCommandCompletionTimer 000000014002b3c0     timer.obj
 0004:000003cc       $pdata$SynchFibCompletionTimer 000000014002b3cc     timer.obj
 0004:000003d8       $pdata$1$SynchFibCompletionTimer 000000014002b3d8     timer.obj
 0004:000003e4       $pdata$2$SynchFibCompletionTimer 000000014002b3e4     timer.obj
 0004:000003f0       $pdata$UpdateThorHBAMappingTable 000000014002b3f0     timer.obj
 0004:000003fc       $pdata$2$UpdateThorHBAMappingTable 000000014002b3fc     timer.obj
 0004:00000408       $pdata$3$UpdateThorHBAMappingTable 000000014002b408     timer.obj
 0004:00000414       $pdata$VMCloseAllCompletionTimer 000000014002b414     timer.obj
 0004:00000420       $pdata$0$VMCloseAllCompletionTimer 000000014002b420     timer.obj
 0004:0000042c       $pdata$1$VMCloseAllCompletionTimer 000000014002b42c     timer.obj
 0004:00000438       $pdata$AllocateConsumerProducerCommArea 000000014002b438     arcinit.obj
 0004:00000444       $pdata$AllocateMessageUnitQueueCommArea 000000014002b444     arcinit.obj
 0004:00000450       $pdata$ArcLogEventString   000000014002b450     arcinit.obj
 0004:0000045c       $pdata$CheckForVersionMisMatch 000000014002b45c     arcinit.obj
 0004:00000468       $pdata$CheckMSIxPossibility 000000014002b468     arcinit.obj
 0004:00000474       $pdata$0$CheckMSIxPossibility 000000014002b474     arcinit.obj
 0004:00000480       $pdata$1$CheckMSIxPossibility 000000014002b480     arcinit.obj
 0004:0000048c       $pdata$2$CheckMSIxPossibility 000000014002b48c     arcinit.obj
 0004:00000498       $pdata$3$CheckMSIxPossibility 000000014002b498     arcinit.obj
 0004:000004a4       $pdata$CleanHostSideRRQ    000000014002b4a4     arcinit.obj
 0004:000004b0       $pdata$ConfigureContainersRuntime 000000014002b4b0     arcinit.obj
 0004:000004bc       $pdata$2$ConfigureContainersRuntime 000000014002b4bc     arcinit.obj
 0004:000004c8       $pdata$3$ConfigureContainersRuntime 000000014002b4c8     arcinit.obj
 0004:000004d4       $pdata$4$ConfigureContainersRuntime 000000014002b4d4     arcinit.obj
 0004:000004e0       $pdata$5$ConfigureContainersRuntime 000000014002b4e0     arcinit.obj
 0004:000004ec       $pdata$DriverEntry         000000014002b4ec     arcinit.obj
 0004:000004f8       $pdata$DumpFibsSentToFW60SecondsBefore 000000014002b4f8     arcinit.obj
 0004:00000504       $pdata$4$DumpFibsSentToFW60SecondsBefore 000000014002b504     arcinit.obj
 0004:00000510       $pdata$5$DumpFibsSentToFW60SecondsBefore 000000014002b510     arcinit.obj
 0004:0000051c       $pdata$DynamicallyThrottleLunQueueDepth 000000014002b51c     arcinit.obj
 0004:00000528       $pdata$FindAdapter         000000014002b528     arcinit.obj
 0004:00000534       $pdata$1$FindAdapter       000000014002b534     arcinit.obj
 0004:00000540       $pdata$2$FindAdapter       000000014002b540     arcinit.obj
 0004:0000054c       $pdata$3$FindAdapter       000000014002b54c     arcinit.obj
 0004:00000558       $pdata$4$FindAdapter       000000014002b558     arcinit.obj
 0004:00000564       $pdata$GetElapsedSeconds   000000014002b564     arcinit.obj
 0004:00000570       $pdata$GetThorHbaPhyDevInfo 000000014002b570     arcinit.obj
 0004:0000057c       $pdata$HWSoftReset         000000014002b57c     arcinit.obj
 0004:00000588       $pdata$HandleAdapterCommitConfig 000000014002b588     arcinit.obj
 0004:00000594       $pdata$HandleAdapterConfigIssues 000000014002b594     arcinit.obj
 0004:000005a0       $pdata$HandleAdapterGetConfig 000000014002b5a0     arcinit.obj
 0004:000005ac       $pdata$HwInitializeAdapter 000000014002b5ac     arcinit.obj
 0004:000005b8       $pdata$ID_AllocateMem4CertainOBQ 000000014002b5b8     arcinit.obj
 0004:000005c4       $pdata$0$ID_AllocateMem4CertainOBQ 000000014002b5c4     arcinit.obj
 0004:000005d0       $pdata$2$ID_AllocateMem4CertainOBQ 000000014002b5d0     arcinit.obj
 0004:000005dc       $pdata$3$ID_AllocateMem4CertainOBQ 000000014002b5dc     arcinit.obj
 0004:000005e8       $pdata$ID_SetupMessageCap  000000014002b5e8     arcinit.obj
 0004:000005f4       $pdata$IOPReset            000000014002b5f4     arcinit.obj
 0004:00000600       $pdata$InitializeConsumerProducerCommRegion 000000014002b600     arcinit.obj
 0004:0000060c       $pdata$InitializeConsumerProducerNewAdapter 000000014002b60c     arcinit.obj
 0004:00000618       $pdata$InitializeDPCs      000000014002b618     arcinit.obj
 0004:00000624       $pdata$2$InitializeDPCs    000000014002b624     arcinit.obj
 0004:00000630       $pdata$3$InitializeDPCs    000000014002b630     arcinit.obj
 0004:0000063c       $pdata$InitializeMessageUnitQueueNewAdapter 000000014002b63c     arcinit.obj
 0004:00000648       $pdata$IsAdapterReadyForConfigCommand 000000014002b648     arcinit.obj
 0004:00000654       $pdata$LogSystemEvent      000000014002b654     arcinit.obj
 0004:00000660       $pdata$MapDeviceBase       000000014002b660     arcinit.obj
 0004:0000066c       $pdata$0$MapDeviceBase     000000014002b66c     arcinit.obj
 0004:00000678       $pdata$1$MapDeviceBase     000000014002b678     arcinit.obj
 0004:00000684       $pdata$MatchPciIds         000000014002b684     arcinit.obj
 0004:00000690       $pdata$1$MatchPciIds       000000014002b690     arcinit.obj
 0004:0000069c       $pdata$2$MatchPciIds       000000014002b69c     arcinit.obj
 0004:000006a8       $pdata$3$MatchPciIds       000000014002b6a8     arcinit.obj
 0004:000006b4       $pdata$ResetAdapter        000000014002b6b4     arcinit.obj
 0004:000006c0       $pdata$2$ResetAdapter      000000014002b6c0     arcinit.obj
 0004:000006cc       $pdata$3$ResetAdapter      000000014002b6cc     arcinit.obj
 0004:000006d8       $pdata$ReturnOutstandingFibOnTargetDevice 000000014002b6d8     arcinit.obj
 0004:000006e4       $pdata$2$ReturnOutstandingFibOnTargetDevice 000000014002b6e4     arcinit.obj
 0004:000006f0       $pdata$3$ReturnOutstandingFibOnTargetDevice 000000014002b6f0     arcinit.obj
 0004:000006fc       $pdata$ReturningLocalOutstandingRequestsToOS 000000014002b6fc     arcinit.obj
 0004:00000708       $pdata$ReturningOutstandingSentToFWBeforeIOPResetToOS 000000014002b708     arcinit.obj
 0004:00000714       $pdata$3$ReturningOutstandingSentToFWBeforeIOPResetToOS 000000014002b714     arcinit.obj
 0004:00000720       $pdata$4$ReturningOutstandingSentToFWBeforeIOPResetToOS 000000014002b720     arcinit.obj
 0004:0000072c       $pdata$5$ReturningOutstandingSentToFWBeforeIOPResetToOS 000000014002b72c     arcinit.obj
 0004:00000738       $pdata$6$ReturningOutstandingSentToFWBeforeIOPResetToOS 000000014002b738     arcinit.obj
 0004:00000744       $pdata$SA4ACI2Interface    000000014002b744     arcinit.obj
 0004:00000750       $pdata$SA4CheckMSIx        000000014002b750     arcinit.obj
 0004:0000075c       $pdata$SA4StatusBatching   000000014002b75c     arcinit.obj
 0004:00000768       $pdata$SMCrashDumpModeInitAdapter 000000014002b768     arcinit.obj
 0004:00000774       $pdata$SMNormalModeInitAdapter 000000014002b774     arcinit.obj
 0004:00000780       $pdata$1$SMNormalModeInitAdapter 000000014002b780     arcinit.obj
 0004:0000078c       $pdata$2$SMNormalModeInitAdapter 000000014002b78c     arcinit.obj
 0004:00000798       $pdata$3$SMNormalModeInitAdapter 000000014002b798     arcinit.obj
 0004:000007a4       $pdata$SendEvent2OS        000000014002b7a4     arcinit.obj
 0004:000007b0       $pdata$SendEvent2OSAIF     000000014002b7b0     arcinit.obj
 0004:000007bc       $pdata$SendEvent2OSChild   000000014002b7bc     arcinit.obj
 0004:000007c8       $pdata$SendInitStructure   000000014002b7c8     arcinit.obj
 0004:000007d4       $pdata$SendWellnessCmnd    000000014002b7d4     arcinit.obj
 0004:000007e0       $pdata$SetArcsasFwTime     000000014002b7e0     arcinit.obj
 0004:000007ec       $pdata$SetFwTime           000000014002b7ec     arcinit.obj
 0004:000007f8       $pdata$0$SetFwTime         000000014002b7f8     arcinit.obj
 0004:00000804       $pdata$4$SetFwTime         000000014002b804     arcinit.obj
 0004:00000810       $pdata$5$SetFwTime         000000014002b810     arcinit.obj
 0004:0000081c       $pdata$6$SetFwTime         000000014002b81c     arcinit.obj
 0004:00000828       $pdata$7$SetFwTime         000000014002b828     arcinit.obj
 0004:00000834       $pdata$SetPciSlotNumber    000000014002b834     arcinit.obj
 0004:00000840       $pdata$CompleteQueuedRequest 000000014002b840     cmddelivery.obj
 0004:0000084c       $pdata$DequeueCertainLD    000000014002b84c     cmddelivery.obj
 0004:00000858       $pdata$0$DequeueCertainLD  000000014002b858     cmddelivery.obj
 0004:00000864       $pdata$1$DequeueCertainLD  000000014002b864     cmddelivery.obj
 0004:00000870       $pdata$DequeueRawIoReadWriteRequest 000000014002b870     cmddelivery.obj
 0004:0000087c       $pdata$0$DequeueRawIoReadWriteRequest 000000014002b87c     cmddelivery.obj
 0004:00000888       $pdata$1$DequeueRawIoReadWriteRequest 000000014002b888     cmddelivery.obj
 0004:00000894       $pdata$HandleMSIXInterrupt 000000014002b894     cmddelivery.obj
 0004:000008a0       $pdata$PollSmartHBAFIBCompletion 000000014002b8a0     cmddelivery.obj
 0004:000008ac       $pdata$PostProcessScsiCommand 000000014002b8ac     cmddelivery.obj
 0004:000008b8       $pdata$ProcessContainerInquiry 000000014002b8b8     cmddelivery.obj
 0004:000008c4       $pdata$ProcessScsiCommand  000000014002b8c4     cmddelivery.obj
 0004:000008d0       $pdata$QueuePrintf         000000014002b8d0     cmddelivery.obj
 0004:000008dc       $pdata$QueueRawIoReadWriteRequest 000000014002b8dc     cmddelivery.obj
 0004:000008e8       $pdata$0$QueueRawIoReadWriteRequest 000000014002b8e8     cmddelivery.obj
 0004:000008f4       $pdata$3$QueueRawIoReadWriteRequest 000000014002b8f4     cmddelivery.obj
 0004:00000900       $pdata$4$QueueRawIoReadWriteRequest 000000014002b900     cmddelivery.obj
 0004:0000090c       $pdata$5$QueueRawIoReadWriteRequest 000000014002b90c     cmddelivery.obj
 0004:00000918       $pdata$2$QueueRawIoReadWriteRequest 000000014002b918     cmddelivery.obj
 0004:00000924       $pdata$6$QueueRawIoReadWriteRequest 000000014002b924     cmddelivery.obj
 0004:00000930       $pdata$SendFib             000000014002b930     cmddelivery.obj
 0004:0000093c       $pdata$SendRawIoFib        000000014002b93c     cmddelivery.obj
 0004:00000948       $pdata$SendSynchFib        000000014002b948     cmddelivery.obj
 0004:00000954       $pdata$0$SendSynchFib      000000014002b954     cmddelivery.obj
 0004:00000960       $pdata$1$SendSynchFib      000000014002b960     cmddelivery.obj
 0004:0000096c       $pdata$StartIo             000000014002b96c     cmddelivery.obj
 0004:00000978       $pdata$0$StartIo           000000014002b978     cmddelivery.obj
 0004:00000984       $pdata$1$StartIo           000000014002b984     cmddelivery.obj
 0004:00000990       $pdata$2$StartIo           000000014002b990     cmddelivery.obj
 0004:0000099c       $pdata$AdapterControl      000000014002b99c     cmdproc.obj
 0004:000009a8       $pdata$BuildIo             000000014002b9a8     cmdproc.obj
 0004:000009b4       $pdata$BuildRawIo2ScatterGather 000000014002b9b4     cmdproc.obj
 0004:000009c0       $pdata$BuildRawIoFib       000000014002b9c0     cmdproc.obj
 0004:000009cc       $pdata$BuildRawIoScatterGather 000000014002b9cc     cmdproc.obj
 0004:000009d8       $pdata$BuildReadWriteFib   000000014002b9d8     cmdproc.obj
 0004:000009e4       $pdata$BuildScatterGather  000000014002b9e4     cmdproc.obj
 0004:000009f0       $pdata$BuildScatterGather64 000000014002b9f0     cmdproc.obj
 0004:000009fc       $pdata$BuildSrbFib         000000014002b9fc     cmdproc.obj
 0004:00000a08       $pdata$ConvertRawIo2ScatterGather 000000014002ba08     cmdproc.obj
 0004:00000a14       $pdata$1$ConvertRawIo2ScatterGather 000000014002ba14     cmdproc.obj
 0004:00000a20       $pdata$4$ConvertRawIo2ScatterGather 000000014002ba20     cmdproc.obj
 0004:00000a2c       $pdata$5$ConvertRawIo2ScatterGather 000000014002ba2c     cmdproc.obj
 0004:00000a38       $pdata$6$ConvertRawIo2ScatterGather 000000014002ba38     cmdproc.obj
 0004:00000a44       $pdata$InitializeFib       000000014002ba44     cmdproc.obj
 0004:00000a50       $pdata$PrepareBMIC15       000000014002ba50     cmdproc.obj
 0004:00000a5c       $pdata$ReportFakeLuns      000000014002ba5c     cmdproc.obj
 0004:00000a68       $pdata$BuildRawScatterGather 000000014002ba68     ioctl.obj
 0004:00000a74       $pdata$1$BuildRawScatterGather 000000014002ba74     ioctl.obj
 0004:00000a80       $pdata$2$BuildRawScatterGather 000000014002ba80     ioctl.obj
 0004:00000a8c       $pdata$BuildRawScatterGather64 000000014002ba8c     ioctl.obj
 0004:00000a98       $pdata$CSMIGetControllerConfig 000000014002ba98     ioctl.obj
 0004:00000aa4       $pdata$CSMIGetDeviceAddress 000000014002baa4     ioctl.obj
 0004:00000ab0       $pdata$0$CSMIGetDeviceAddress 000000014002bab0     ioctl.obj
 0004:00000abc       $pdata$1$CSMIGetDeviceAddress 000000014002babc     ioctl.obj
 0004:00000ac8       $pdata$CSMIGetDriverInfo   000000014002bac8     ioctl.obj
 0004:00000ad4       $pdata$CSMIGetPhyInfo      000000014002bad4     ioctl.obj
 0004:00000ae0       $pdata$CSMIGetRAIDConfig   000000014002bae0     ioctl.obj
 0004:00000aec       $pdata$0$CSMIGetRAIDConfig 000000014002baec     ioctl.obj
 0004:00000af8       $pdata$1$CSMIGetRAIDConfig 000000014002baf8     ioctl.obj
 0004:00000b04       $pdata$CSMIGetRAIDInfo     000000014002bb04     ioctl.obj
 0004:00000b10       $pdata$CSMIGetSATASignature 000000014002bb10     ioctl.obj
 0004:00000b1c       $pdata$CSMIGetSCSIAddress  000000014002bb1c     ioctl.obj
 0004:00000b28       $pdata$0$CSMIGetSCSIAddress 000000014002bb28     ioctl.obj
 0004:00000b34       $pdata$1$CSMIGetSCSIAddress 000000014002bb34     ioctl.obj
 0004:00000b40       $pdata$CSMISTPPassThru     000000014002bb40     ioctl.obj
 0004:00000b4c       $pdata$0$CSMISTPPassThru   000000014002bb4c     ioctl.obj
 0004:00000b58       $pdata$1$CSMISTPPassThru   000000014002bb58     ioctl.obj
 0004:00000b64       $pdata$ProcessIoctl        000000014002bb64     ioctl.obj
 0004:00000b70       $pdata$AdapterIsAlive      000000014002bb70     comm.obj
 0004:00000b7c       $pdata$CompleteAllSortingQueue 000000014002bb7c     comm.obj
 0004:00000b88       $pdata$4$CompleteAllSortingQueue 000000014002bb88     comm.obj
 0004:00000b94       $pdata$5$CompleteAllSortingQueue 000000014002bb94     comm.obj
 0004:00000ba0       $pdata$CompleteBufferedRequest 000000014002bba0     comm.obj
 0004:00000bac       $pdata$CompleteSortingQueueRequest 000000014002bbac     comm.obj
 0004:00000bb8       $pdata$DeQueueSortingQueue 000000014002bbb8     comm.obj
 0004:00000bc4       $pdata$DpcDequeueRawIoReadWriteRequest 000000014002bbc4     comm.obj
 0004:00000bd0       $pdata$FreeConsumerProducerAif 000000014002bbd0     comm.obj
 0004:00000bdc       $pdata$0$FreeConsumerProducerAif 000000014002bbdc     comm.obj
 0004:00000be8       $pdata$1$FreeConsumerProducerAif 000000014002bbe8     comm.obj
 0004:00000bf4       $pdata$ProcessAif          000000014002bbf4     comm.obj
 0004:00000c00       $pdata$ProcessHbaErrors    000000014002bc00     comm.obj
 0004:00000c0c       $pdata$3$ProcessHbaErrors  000000014002bc0c     comm.obj
 0004:00000c18       $pdata$4$ProcessHbaErrors  000000014002bc18     comm.obj
 0004:00000c24       $pdata$ProcessNormalFib    000000014002bc24     comm.obj
 0004:00000c30       $pdata$3$ProcessNormalFib  000000014002bc30     comm.obj
 0004:00000c3c       $pdata$4$ProcessNormalFib  000000014002bc3c     comm.obj
 0004:00000c48       $pdata$5$ProcessNormalFib  000000014002bc48     comm.obj
 0004:00000c54       $pdata$6$ProcessNormalFib  000000014002bc54     comm.obj
 0004:00000c60       $pdata$7$ProcessNormalFib  000000014002bc60     comm.obj
 0004:00000c6c       $pdata$8$ProcessNormalFib  000000014002bc6c     comm.obj
 0004:00000c78       $pdata$QueueEvent          000000014002bc78     comm.obj
 0004:00000c84       $pdata$RestoreBMIC15Srb    000000014002bc84     comm.obj
 0004:00000c90       $pdata$SendConsumerProducerFib 000000014002bc90     comm.obj
 0004:00000c9c       $pdata$ServiceHostCommandNormalQueue 000000014002bc9c     comm.obj
 0004:00000ca8       $pdata$3$ServiceHostCommandNormalQueue 000000014002bca8     comm.obj
 0004:00000cb4       $pdata$4$ServiceHostCommandNormalQueue 000000014002bcb4     comm.obj
 0004:00000cc0       $pdata$ServiceHostResponseNormalQueue 000000014002bcc0     comm.obj
 0004:00000ccc       $pdata$6$ServiceHostResponseNormalQueue 000000014002bccc     comm.obj
 0004:00000cd8       $pdata$7$ServiceHostResponseNormalQueue 000000014002bcd8     comm.obj
 0004:00000ce4       $pdata$ServiceInternalAifQueue 000000014002bce4     comm.obj
 0004:00000cf0       $pdata$1$ServiceInternalAifQueue 000000014002bcf0     comm.obj
 0004:00000cfc       $pdata$2$ServiceInternalAifQueue 000000014002bcfc     comm.obj
 0004:00000d08       $pdata$SubDeQueueSortingQueue 000000014002bd08     comm.obj
 0004:00000d14       $pdata$0$SubDeQueueSortingQueue 000000014002bd14     comm.obj
 0004:00000d20       $pdata$1$SubDeQueueSortingQueue 000000014002bd20     comm.obj
 0004:00000d2c       $pdata$HwScsiWmiExecuteMethod 000000014002bd2c     wmi.obj
 0004:00000d38       $pdata$HwScsiWmiQueryDataBlock 000000014002bd38     wmi.obj
 0004:00000d38       $pdata$HwScsiWmiFunctionControl 000000014002bd38     wmi.obj
 0004:00000d44       $pdata$ProcessWmi          000000014002bd44     wmi.obj
 0004:00000d50       $pdata$GsDriverEntry       000000014002bd50     BufferOverflowFastFailK:gs_driverentry.obj
 0004:00000d5c       $pdata$__GSHandlerCheckCommon 000000014002bd5c     ntoskrnl:gshandler.obj
 0004:00000d68       $pdata$__GSHandlerCheck    000000014002bd68     ntoskrnl:gshandler.obj
 0004:00000d80       $pdata$ScsiPortWmiDispatchFunction 000000014002bd80     scsiwmi:wmilib.obj
 0004:00000d8c       $pdata$ScsiWmipProcessRequest 000000014002bd8c     scsiwmi:wmilib.obj
 0004:00000d98       $pdata$ScsiPortWmiPostProcess 000000014002bd98     scsiwmi:wmilib.obj
 0004:00000da4       $pdata$ScsiWmipPostProcess 000000014002bda4     scsiwmi:wmilib.obj
 0004:00000db0       $pdata$ScsiWmipFindGuid    000000014002bdb0     scsiwmi:wmilib.obj
 0005:00000178       .idata$6                   000000014002c178     ntoskrnl:ntoskrnl.exe
 0005:000001a2       .idata$6                   000000014002c1a2     hal:HAL.dll
 0005:00000362       .idata$6                   000000014002c362     storport:storport.sys
 0006:000000d0       $R000000                   000000014002d0d0     arcsas.res
 0006:00000438       $R000368                   000000014002d438     arcsas.res
